[
  {
    "jsonrpc": "2.0",
    "id": 1,
    "result": true
  },
  {
    "jsonrpc": "2.0",
    "id": 2,
    "result": "0x7eb91379101eedd9a0cdf5a53d30098edfb5c7da31d872e301a6a4afb1e989f0"
  },
  {
    "jsonrpc": "2.0",
    "id": 3,
    "result": "0x56bc39a1ce799c000"
  },
  {
    "jsonrpc": "2.0",
    "id": 4,
    "result": "0x"
  }
]
