[
  {
    "jsonrpc": "2.0",
    "id": 0,
    "result": true
  },
  {
    "jsonrpc": "2.0",
    "id": 0,
    "result": true
  },
  {
    "jsonrpc": "2.0",
    "id": 0,
    "result": "0x0"
  },
  {
    "jsonrpc": "2.0",
    "id": 0,
    "result": "0x0"
  },
  {
    "jsonrpc": "2.0",
    "id": 0,
    "result": {
      "number": "0x0",
      "hash": "0x866d21eac1da589c9d7ac643fa1570492cd69b2e5a6992311621e950997b1874",
      "parentHash": "0x0000000000000000000000000000000000000000000000000000000000000000",
      "mixHash": "0x0000000000000000000000000000000000000000000000000000000000000000",
      "nonce": "0x0000000000000000",
      "sha3Uncles": "0x1dcc4de8dec75d7aab85b567b6ccd41ad312451b948a7413f0a142fd40d49347",
      "logsBloom": "0x00000000000000000000000000000000000000000000000000000000000000000000000000000000000000000000000000000000000000000000000000000000000000000000000000000000000000000000000000000000000000000000000000000000000000000000000000000000000000000000000000000000000000000000000000000000000000000000000000000000000000000000000000000000000000000000000000000000000000000000000000000000000000000000000000000000000000000000000000000000000000000000000000000000000000000000000000000000000000000000000000000000000000000000000000000000",
      "transactionsRoot": "0x56e81f171bcc55a6ff8345e692c0f86e5b48e01b996cadc001622fb5e363b421",
      "stateRoot": "0xc9c525a88aaa65ef3c2c291589dce6825f54419d06c1194ffab3583a3a21ce74",
      "receiptsRoot": "0x56e81f171bcc55a6ff8345e692c0f86e5b48e01b996cadc001622fb5e363b421",
      "miner": "0x0000000000000000000000000000000000000000",
      "difficulty": "0x0",
      "totalDifficulty": "0x0",
      "extraData": "0x",
      "size": "0x3e8",
      "gasLimit": "0x0",
      "gasUsed": "0x0",
      "timestamp": "0x0",
      "transactions": [],
      "uncles": []
    }
  },
  {
    "jsonrpc": "2.0",
    "id": 0,
    "result": "0x866d21eac1da589c9d7ac643fa1570492cd69b2e5a6992311621e950997b1874"
  },
  {
    "jsonrpc": "2.0",
    "id": 0,
    "result": {
      "number": "0x1",
      "hash": "0x607cfb0c53b67795a74468f23e40262ca3592a3c475b210e0fcbeb0dbd4e4046",
      "parentHash": "0x866d21eac1da589c9d7ac643fa1570492cd69b2e5a6992311621e950997b1874",
      "mixHash": "0x0000000000000000000000000000000000000000000000000000000000000000",
      "nonce": "0x0000000000000000",
      "sha3Uncles": "0x1dcc4de8dec75d7aab85b567b6ccd41ad312451b948a7413f0a142fd40d49347",
      "logsBloom": "0x00000000000000000000000000000000000000000000000000000000000000000000000000000000000000000000000000000000000000000000000000000000000000000000000000000000000000000000000000000000000000000000000000000000000000000000000000000000000000000000000000000000000000000000000000000000000000000000000000000000000000000000000000000000000000000000000000000000000000000000000000000000000000000000000000000000000000000000000000000000000000000000000000000000000000000000000000000000000000000000000000000000000000000000000000000000",
      "transactionsRoot": "0x56e81f171bcc55a6ff8345e692c0f86e5b48e01b996cadc001622fb5e363b421",
      "stateRoot": "0xa60411595542aa500d5d267c0ebef14e2cc75a1324def46f1d162a2cf39a39f3",
      "receiptsRoot": "0x56e81f171bcc55a6ff8345e692c0f86e5b48e01b996cadc001622fb5e363b421",
      "miner": "0x0000000000000000000000000000000000000000",
      "difficulty": "0x0",
      "totalDifficulty": "0x0",
      "extraData": "0x",
      "size": "0x3e8",
      "gasLimit": "0x0",
      "gasUsed": "0x0",
      "timestamp": "0x0",
      "transactions": [],
      "uncles": []
    }
  },
  {
    "jsonrpc": "2.0",
    "id": 0,
    "result": "0x607cfb0c53b67795a74468f23e40262ca3592a3c475b210e0fcbeb0dbd4e4046"
  },
  {
    "jsonrpc": "2.0",
    "id": 0,
    "result": {
      "number": "0x2",
      "hash": "0xa5ea456498c341fb8f9f9ada77845258c6de4cb7afe695053c78974fc5fd2140",
      "parentHash": "0x607cfb0c53b67795a74468f23e40262ca3592a3c475b210e0fcbeb0dbd4e4046",
      "mixHash": "0x0000000000000000000000000000000000000000000000000000000000000000",
      "nonce": "0x0000000000000000",
      "sha3Uncles": "0x1dcc4de8dec75d7aab85b567b6ccd41ad312451b948a7413f0a142fd40d49347",
      "logsBloom": "0x00000000000000000000000000000000000000000000000000000000000000000000000000000000000000000000000000000000000000000000000000000000000000000000000000000000000000000000000000000000000000000000000000000000000000000000000000000000000000000000000000000000000000000000000000000000000000000000000000000000000000000000000000000000000000000000000000000000000000000000000000000000000000000000000000000000000000000000000000000000000000000000000000000000000000000000000000000000000000000000000000000000000000000000000000000000",
      "transactionsRoot": "0x56e81f171bcc55a6ff8345e692c0f86e5b48e01b996cadc001622fb5e363b421",
      "stateRoot": "0xd6ed56ef2e58feded193254a19f7408d6876a65503a45f46d2378796f3614f23",
      "receiptsRoot": "0x56e81f171bcc55a6ff8345e692c0f86e5b48e01b996cadc001622fb5e363b421",
      "miner": "0x0000000000000000000000000000000000000000",
      "difficulty": "0x0",
      "totalDifficulty": "0x0",
      "extraData": "0x",
      "size": "0x3e8",
      "gasLimit": "0x0",
      "gasUsed": "0x0",
      "timestamp": "0x0",
      "transactions": [],
      "uncles": []
    }
  },
  {
    "jsonrpc": "2.0",
    "id": 0,
    "result": "0xa5ea456498c341fb8f9f9ada77845258c6de4cb7afe695053c78974fc5fd2140"
  }
]
