[
  {
    "jsonrpc": "2.0",
    "id": 1,
    "result": true
  },
  {
    "jsonrpc": "2.0",
    "id": 2,
    "result": true
  },
  {
    "jsonrpc": "2.0",
    "id": 2,
    "result": true
  },
  {
    "jsonrpc": "2.0",
    "id": 2,
    "result": true
  },
  {
    "jsonrpc": "2.0",
    "id": 3,
    "result": "0x7cb24e9b7bb1a5bfeef17ea9531aa09c85512bb3fb36842e8167cf52711e8ca6"
  },
  {
    "jsonrpc": "2.0",
    "id": 4,
    "result": {
      "number": "0x1",
      "hash": "0xb76ae4ea2d9932e9d586e0b66a6086c100af4a27c8aa55f1e3a06cbb10c07644",
      "parentHash": "0x8dbc1f5985436ad7a31d0205238c8bdab6c4537913fe301f0d5732c1c7d1fada",
      "mixHash": "0x0000000000000000000000000000000000000000000000000000000000000000",
      "nonce": "0x0000000000000000",
      "sha3Uncles": "0x1dcc4de8dec75d7aab85b567b6ccd41ad312451b948a7413f0a142fd40d49347",
      "logsBloom": "0x00000000000000000000000000000000000000000000000000000000000000000000000000000000000000000000000000000000000000000000000000000000000000000000000000000000000000000000000000000000000000000000000000000000000000000000000000000000000000000000000000000000000000000000000000000000000000000000000000000000000000000000000000000000000000000000000000000000000000000000000000000000000000000000000000000000000000000000000000000000000000000000000000000000000000000000000000000000000000000000000000000000000000000000000000000000",
      "transactionsRoot": "0x11873442a563a07f22a326b68ffc810b80ecc4ec9273827c07df48fbd371fa47",
      "stateRoot": "0xd1e05dbd5b6eff3b3b766b958a93d087d611b4f025954c2b47aceb540b4ea56a",
      "receiptsRoot": "0x65c4d1b533902562730f0d110bcce51643ce4725ca03d85c33d5812c0ed308bf",
      "miner": "0x0000000000000000000000000000000000000000",
      "difficulty": "0x0",
      "totalDifficulty": "0x0",
      "extraData": "0x",
      "size": "0x3e8",
      "gasLimit": "0x6691b7",
      "gasUsed": "0xcf08",
      "timestamp": "0x5dcc9900",
      "transactions": [
        "0x7cb24e9b7bb1a5bfeef17ea9531aa09c85512bb3fb36842e8167cf52711e8ca6"
      ],
      "uncles": []
    }
  }
]
