[
  {
    "jsonrpc": "2.0",
    "id": 1,
    "result": true
  },
  {
    "jsonrpc": "2.0",
    "id": 2,
    "result": true
  },
  {
    "jsonrpc": "2.0",
    "id": 2,
    "result": true
  },
  {
    "jsonrpc": "2.0",
    "id": 3,
    "result": {
      "number": "0x0",
      "hash": "0x8dbc1f5985436ad7a31d0205238c8bdab6c4537913fe301f0d5732c1c7d1fada",
      "parentHash": "0x0000000000000000000000000000000000000000000000000000000000000000",
      "mixHash": "0x0000000000000000000000000000000000000000000000000000000000000000",
      "nonce": "0x0000000000000000",
      "sha3Uncles": "0x1dcc4de8dec75d7aab85b567b6ccd41ad312451b948a7413f0a142fd40d49347",
      "logsBloom": "0x00000000000000000000000000000000000000000000000000000000000000000000000000000000000000000000000000000000000000000000000000000000000000000000000000000000000000000000000000000000000000000000000000000000000000000000000000000000000000000000000000000000000000000000000000000000000000000000000000000000000000000000000000000000000000000000000000000000000000000000000000000000000000000000000000000000000000000000000000000000000000000000000000000000000000000000000000000000000000000000000000000000000000000000000000000000",
      "transactionsRoot": "0x56e81f171bcc55a6ff8345e692c0f86e5b48e01b996cadc001622fb5e363b421",
      "stateRoot": "0x0e0fb05cc0c18ae82d7742186716ecf01555dc7736119aba5e9424123c56bc1c",
      "receiptsRoot": "0x56e81f171bcc55a6ff8345e692c0f86e5b48e01b996cadc001622fb5e363b421",
      "miner": "0x0000000000000000000000000000000000000000",
      "difficulty": "0x0",
      "totalDifficulty": "0x0",
      "extraData": "0x",
      "size": "0x3e8",
      "gasLimit": "0x6691b7",
      "gasUsed": "0x0",
      "timestamp": "0x5dcc9900",
      "transactions": [],
      "uncles": []
    }
  }
]
