[
  {
    "jsonrpc": "2.0",
    "id": 1,
    "result": true
  },
  {
    "jsonrpc": "2.0",
    "id": 1,
    "result": true
  },
  {
    "jsonrpc": "2.0",
    "id": 1,
    "result": true
  },
  {
    "jsonrpc": "2.0",
    "id": 2,
    "result": "0x48b3bce222588aff4329c7c7aebaa39ffb66045254c1ca16b9b1a5482463682b"
  },
  {
    "jsonrpc": "2.0",
    "id": 3,
    "result": {
      "transactionHash": "0x48b3bce222588aff4329c7c7aebaa39ffb66045254c1ca16b9b1a5482463682b",
      "transactionIndex": "0x0",
      "blockHash": "0x1c666528813a99142d352d495f002bb2d5b9af4917a404a32a7986cffff6d12e",
      "blockNumber": "0x1",
      "from": "0x79a59cf0083efdf696befda81655104787f938d0",
      "to": null,
      "gasUsed": "0xe8c2",
      "cumulativeGasUsed": "0xe8c2",
      "contractAddress": "0xe7f1941dc335305fc2799b72417243dc3f375179",
      "logs": [],
      "status": "0x1",
      "logsBloom": "0x00000000000000000000000000000000000000000000000000000000000000000000000000000000000000000000000000000000000000000000000000000000000000000000000000000000000000000000000000000000000000000000000000000000000000000000000000000000000000000000000000000000000000000000000000000000000000000000000000000000000000000000000000000000000000000000000000000000000000000000000000000000000000000000000000000000000000000000000000000000000000000000000000000000000000000000000000000000000000000000000000000000000000000000000000000000",
      "v": "0x1b",
      "r": "0xb6b98a3170b0ad5db2792d2314aa3435b8bdbb26c35d495a2aab893113904a41",
      "s": "0x5bade5f3b478a7986d8933911866c324a1e5fb7839207c6cc631dead3f88063b"
    }
  }
]
