[
  {
    "jsonrpc": "2.0",
    "id": 1,
    "result": true
  },
  {
    "jsonrpc": "2.0",
    "id": 2,
    "result": true
  },
  {
    "jsonrpc": "2.0",
    "id": 3,
    "result": true
  },
  {
    "jsonrpc": "2.0",
    "id": 4,
    "result": [
      "0x8850073ba56b1c2b6d7acb66e8038ee9aa14be13",
      "0x9db3c363b007411468a72ad8df941ea515ad7125"
    ]
  }
]
