[{"jsonrpc":"2.0","id":1,"result":"0xeaeedf2f3cfc5cebf3421409c67794a8de424efa"},{"jsonrpc":"2.0","id":59,"result":"0xc36f712700085ce0ec5192d8ade84946a09f106bc1cd0d4c8e8750b185ba384e"}]
