[{"jsonrpc":"2.0","id":1,"result":"0x575f3dbad03d6e2bed85f7bc8f9f7ecbbe5b0b2e"},{"jsonrpc":"2.0","id":2,"result":"0x6a8c766491cb02869d87c034b3e2369f9752ea451b5cc24a8a634151051369d0"},{"jsonrpc":"2.0","id":3,"result":"0x78eb29c2111e385de7e429108967c78bfb143bc93ab2d6df0865dfb1778b8694"}]
