[{"jsonrpc":"2.0","id":1,"result":true},{"jsonrpc":"2.0","id":2,"result":true},{"jsonrpc":"2.0","id":3,"error":{"message":"base fee exceeds gas limit","code":-32000}}]