[
    {
        "jsonrpc": "2.0",
        "id": 1,
        "result": true
    },
    {
        "jsonrpc": "2.0",
        "id": 2,
        "result": "0xdeb452cac59658651ebe07ff98488441f2b0fa4792fa09741375895a61861012"
    },
    {
        "jsonrpc": "2.0",
        "id": 3,
        "result": "0xd7f50a9ac0ee74658fc3bec515a943af683cc8aa9f3731fe159441703dbeec94"
    },
    {
        "id": 4,
        "jsonrpc": "2.0",
        "result": [
            {
                "logIndex": "0x0",
                "transactionIndex": "0x0",
                "transactionHash": "0xdeb452cac59658651ebe07ff98488441f2b0fa4792fa09741375895a61861012",
                "blockHash": "0xccc7b6f14ec13b4e18e3247aabb1501d45dd1d673eafa2355c33c0299fee0a39",
                "blockNumber": "0x1",
                "address": "0x247a53323cd50a25d58783f556b0ed3fca08247c",
                "data": "0x0000000000000000000000000000000000000000000000000000000000000064",
                "topics": [
                    "0xddf252ad1be2c89b69c2b068fc378daa952ba7f163c4a11628f55a4df523b3ef",
                    "0x0000000000000000000000000000000000000000000000000000000000000000",
                    "0x0000000000000000000000007ed701c0c8a25996985900e918cdcd062f86b41a"
                ],
                "type": "mined"
            },
            {
                "logIndex": "0x0",
                "transactionIndex": "0x0",
                "transactionHash": "0xd7f50a9ac0ee74658fc3bec515a943af683cc8aa9f3731fe159441703dbeec94",
                "blockHash": "0x2aadca57b018c247a0eb1c61e2496d1096b020a99dbc59dea62db4f0c39f366f",
                "blockNumber": "0x2",
                "address": "0xcac752721fd1b27d7254bf3e45adfa510180b7f4",
                "data": "0x0000000000000000000000000000000000000000000000000000000000000064",
                "topics": [
                    "0xddf252ad1be2c89b69c2b068fc378daa952ba7f163c4a11628f55a4df523b3ef",
                    "0x0000000000000000000000000000000000000000000000000000000000000000",
                    "0x0000000000000000000000007ed701c0c8a25996985900e918cdcd062f86b41a"
                ],
                "type": "mined"
            }
        ]
    }
]