[
    {
        "jsonrpc": "2.0",
        "id": 1,
        "result": true
    },
    {
        "jsonrpc": "2.0",
        "id": 2,
        "result": "0xda72f1325dbc8286b29ac47efef5150188938c04e356804239f622ff4d10117d"
    },
    {
        "jsonrpc": "2.0",
        "id": 3,
        "result": [
            {
                "logIndex": "0x0",
                "transactionIndex": "0x0",
                "transactionHash": "0xda72f1325dbc8286b29ac47efef5150188938c04e356804239f622ff4d10117d",
                "blockHash": "0xcc95e00db1eb20b10607d9e8e5534216a21ea44055f7547d5c0092788e4fc4fa",
                "blockNumber": "0x1",
                "address": "0xb36884853c3932a84c64eea015a13c9c32c2dd74",
                "data": "0x0000000000000000000000000000000000000000000000000000000000000064",
                "topics": [
                    "0xddf252ad1be2c89b69c2b068fc378daa952ba7f163c4a11628f55a4df523b3ef",
                    "0x0000000000000000000000000000000000000000000000000000000000000000",
                    "0x0000000000000000000000007ed701c0c8a25996985900e918cdcd062f86b41a"
                ],
                "type": "mined"
            }
        ]
    }
]