[{"jsonrpc":"2.0","id":1,"result":true},{"jsonrpc":"2.0","id":2,"result":"0x08168753f62bb42737f99ad18aff059bc87db198f68e37352fcb528b7c87bbff"},{"jsonrpc":"2.0","id":3,"result":"0x0000000000000000000000000000000000000000000000000000000000000064"}]