[
  {
    "jsonrpc": "2.0",
    "id": 1,
    "error": {
      "code": -32000,
      "message": "Incorrect number of arguments. Method 'evm_mine' requires between 0 and 1 arguments."
    }
  }
]
