[
  {
    "jsonrpc": "2.0",
    "id": 1,
    "result": "0x0"
  },
  {
    "jsonrpc": "2.0",
    "id": 2,
    "result": true
  },
  {
    "jsonrpc": "2.0",
    "id": 3,
    "result": "0x5dcd855e"
  }
]
