[
  {
    "jsonrpc": "2.0",
    "id": 1,
    "result": true
  },
  {
    "jsonrpc": "2.0",
    "id": 2,
    "result": true
  },
  {
    "jsonrpc": "2.0",
    "id": 3,
    "result": "0x0000000000000000000000000000000000000000000000000000000000ffffff"
  },
  {
    "jsonrpc": "2.0",
    "id": 3,
    "result": [
      {
        "hash": "55508846109561758998798256621821116748999280590017488967314784253617912767273",
        "programName": "RUNTIME",
        "coverage": 85,
        "program": [
          {
            "programCounter": 0,
            "hitCount": 1
          },
          {
            "programCounter": 4,
            "hitCount": 1
          },
          {
            "programCounter": 6,
            "hitCount": 1
          },
          {
            "programCounter": 7,
            "hitCount": 1
          },
          {
            "programCounter": 9,
            "hitCount": 1
          },
          {
            "programCounter": 11,
            "hitCount": 1
          },
          {
            "programCounter": 12,
            "hitCount": 0
          }
        ],
        "coveredOpCodes": [
          0,
          4,
          6,
          7,
          9,
          11
        ]
      }
    ]
  }
]