[
  {
    "jsonrpc": "2.0",
    "id": 1,
    "result": true
  },
  {
    "jsonrpc": "2.0",
    "id": 2,
    "result": true
  },
  {
    "jsonrpc": "2.0",
    "id": 3,
    "result": "0x0000000000000000000000000000000000000000000000000000000000ffffff"
  },
  {
    "jsonrpc": "2.0",
    "id": 4,
    "result": "0x0000000000000000000000000000000000000000000000000000000000ffffff"
  },
  {
    "jsonrpc": "2.0",
    "id": 5,
    "result": "0x0000000000000000000000000000000000000000000000000000000000ffffff"
  },
  {
    "jsonrpc": "2.0",
    "id": 6,
    "result": [
      {
        "hash": "76152901908933884519486378529878351746282709573894459094694306309932793751169",
        "programName": "RUNTIME",
        "coverage": 75,
        "program": [
          {
            "programCounter": 0,
            "opcode": "PUSH(3) 0xffffff",
            "arguments": [
              [],
              [],
              []
            ]
          },
          {
            "programCounter": 4,
            "opcode": "PUSH(1) 0x00",
            "arguments": [
              [],
              [],
              []
            ]
          },
          {
            "programCounter": 6,
            "opcode": "MSTORE",
            "arguments": [
              [
                "0x0",
                "0xffffff"
              ],
              [
                "0x0",
                "0xffffff"
              ],
              [
                "0x0",
                "0xffffff"
              ]
            ]
          },
          {
            "programCounter": 7,
            "opcode": "PUSH(1) 0x20",
            "arguments": [
              [],
              [],
              []
            ]
          },
          {
            "programCounter": 9,
            "opcode": "PUSH(1) 0x00",
            "arguments": [
              [],
              [],
              []
            ]
          },
          {
            "programCounter": 11,
            "opcode": "RETURN",
            "arguments": [
              [
                "0x0",
                "0x20"
              ],
              [
                "0x0",
                "0x20"
              ],
              [
                "0x0",
                "0x20"
              ]
            ]
          },
          {
            "programCounter": 12,
            "opcode": "RETURN",
            "arguments": []
          },
          {
            "programCounter": 13,
            "opcode": "RETURN",
            "arguments": []
          }
        ]
      }
    ]
  }
]
