[
  {
    "jsonrpc": "2.0",
    "id": 1,
    "result": true
  },
  {
    "jsonrpc": "2.0",
    "id": 2,
    "result": {
      "stateRoot": "0xb8f8b8e61511398129d1520a286e9f87322cda3203fbde6c2ff5b5139d4719b9"
    }
  }
]
