[
  {
    "jsonrpc": "2.0",
    "id": 1,
    "result": true
  },
  {
    "jsonrpc": "2.0",
    "id": 2,
    "result": true
  },
  {
    "jsonrpc": "2.0",
    "id": 2,
    "result": {
      "stateRoot": "0x2425982a3b73bfd9c3a06fd49d167dcbe71d4c40ddbd55c2ff5a78987a5b919d"
    }
  }
]
