[
  {
    "jsonrpc": "2.0",
    "id": 1,
    "result": true
  },
  {
    "jsonrpc": "2.0",
    "id": 2,
    "result": true
  },
  {
    "jsonrpc": "2.0",
    "id": 3,
    "result": "0x2c11d46cf3df0566ee4b6c49c8dcc1197ec796dbbf267b4d03eacd5ada85f469"
  },
  {
    "jsonrpc": "2.0",
    "id": 4,
    "result": {
      "receiptsRoot": "0x056b23fbba480696b65fe5a59b8f2148a1299103c4f57df839233af2cf4ca2d2"
    }
  }
]
