[
  {
    "jsonrpc": "2.0",
    "id": 1,
    "result": true
  },
  {
    "jsonrpc": "2.0",
    "id": 2,
    "result": true
  },
  {
    "jsonrpc": "2.0",
    "id": 1,
    "result": true
  },
  {
    "jsonrpc": "2.0",
    "id": 1,
    "result": true
  },
  {
    "jsonrpc": "2.0",
    "id": 3,
    "result": {
      "number": "0x0",
      "hash": "0xd18a2bf7ceada2d5e49ddbfae74a4a4e7fd89e5a36b18bef6b02e0af39204278",
      "parentHash": "0x0000000000000000000000000000000000000000000000000000000000000000",
      "mixHash": "0x0000000000000000000000000000000000000000000000000000000000000000",
      "nonce": "0x0000000000000000",
      "sha3Uncles": "0x1dcc4de8dec75d7aab85b567b6ccd41ad312451b948a7413f0a142fd40d49347",
      "logsBloom": "0x00000000000000000000000000000000000000000000000000000000000000000000000000000000000000000000000000000000000000000000000000000000000000000000000000000000000000000000000000000000000000000000000000000000000000000000000000000000000000000000000000000000000000000000000000000000000000000000000000000000000000000000000000000000000000000000000000000000000000000000000000000000000000000000000000000000000000000000000000000000000000000000000000000000000000000000000000000000000000000000000000000000000000000000000000000000",
      "transactionsRoot": "0x56e81f171bcc55a6ff8345e692c0f86e5b48e01b996cadc001622fb5e363b421",
      "stateRoot": "0x612cffde285e33b296ad30b6d4639eff5961507a6aa898d916a0c52d622377e0",
      "receiptsRoot": "0x56e81f171bcc55a6ff8345e692c0f86e5b48e01b996cadc001622fb5e363b421",
      "miner": "0x0000000000000000000000000000000000000000",
      "difficulty": "0x0",
      "totalDifficulty": "0x0",
      "extraData": "0x",
      "size": "0x3e8",
      "gasLimit": "0x6691b7",
      "gasUsed": "0x0",
      "timestamp": "0x0",
      "transactions": [],
      "uncles": []
    }
  }
]
