[
  {
    "jsonrpc": "2.0",
    "id": 1,
    "result": true
  },
  {
    "jsonrpc": "2.0",
    "id": 1,
    "result": true
  },
  {
    "jsonrpc": "2.0",
    "id": 1,
    "result": true
  },
  {
    "jsonrpc": "2.0",
    "id": 1,
    "result": true
  },
  {
    "jsonrpc": "2.0",
    "id": 3,
    "result": "0x163cd58b01b3b9df9b8bc7a0097b118477cfc8a7ce62161e2293770ae28a0a3b"
  },
  {
    "jsonrpc": "2.0",
    "id": 4,
    "result": {
      "number": "0x1",
      "hash": "0x468aa4268879ae1f67b08fdcec17c9e119fea8d10065293fa5c5d6540b6b93ac",
      "parentHash": "0x64444d574bcd4d346684b25bf42f7af6be04305c7f83e49bacd44e35fdf30348",
      "mixHash": "0x0000000000000000000000000000000000000000000000000000000000000000",
      "nonce": "0x0000000000000000",
      "sha3Uncles": "0x1dcc4de8dec75d7aab85b567b6ccd41ad312451b948a7413f0a142fd40d49347",
      "logsBloom": "0x00000000000000000000000000000000000000000000000000000000000000000000000000000000000000000000000000000000000000000000000000000000000000000000000000000000000000000000000000000000000000000000000000000000000000000000000000000000000000000000000000000000000000000000000000000000000000000000000000000000000000000000000000000000000000000000000000000000000000000000000000000000000000000000000000000000000000000000000000000000000000000000000000000000000000000000000000000000000000000000000000000000000000000000000000000000",
      "transactionsRoot": "0x42c1a8db077aff72240585bc15df5e1f3eec4a09285e239453fbea441da57ca3",
      "stateRoot": "0xb0dd611ef235c16653143f4cdabf292f8b3e612f8ca6a14225ae2a505955d404",
      "receiptsRoot": "0x056b23fbba480696b65fe5a59b8f2148a1299103c4f57df839233af2cf4ca2d2",
      "miner": "0x0000000000000000000000000000000000000000",
      "difficulty": "0x0",
      "totalDifficulty": "0x0",
      "extraData": "0x",
      "size": "0x3e8",
      "gasLimit": "0x6691b7",
      "gasUsed": "0x5208",
      "timestamp": "0x5de80984",
      "transactions": [
        "0x163cd58b01b3b9df9b8bc7a0097b118477cfc8a7ce62161e2293770ae28a0a3b"
      ],
      "uncles": []
    }
  }
]
