[
    {
        "jsonrpc": "2.0",
        "id": 1,
        "result": true
    },
    {
        "jsonrpc": "2.0",
        "id": 2,
        "result": true
    },
    {
        "jsonrpc": "2.0",
        "id": 3,
        "error": {
            "message": "VM Exception while processing transaction: invalid opcode",
            "code": -32000,
            "data": {
                "0x5daefe6da6e340448ea5c8ff3926de2aa48e4423476a438f1533a18b4347c25f": {
                    "error": "invalid opcode",
                    "program_counter": 1,
                    "return": "0x"
                }
            }
        }
    }
]