{"jsonrpc":"2.0","id":1,"error":{"code":-32000,"message":"Incorrect arguments. Method 'personal_importRawKey' expects DATA of length 32 and DATA of any length"}}