[
  {
    "jsonrpc": "2.0",
    "id": 0,
    "result": true
  },
  {
    "jsonrpc": "2.0",
    "id": 0,
    "result": true
  },
  {
    "jsonrpc": "2.0",
    "id": 0,
    "result": true
  },
  {
    "jsonrpc": "2.0",
    "id": 0,
    "result": true
  },
  {
    "jsonrpc": "2.0",
    "id": 0,
    "result": true
  },
  {
    "jsonrpc": "2.0",
    "id": 19,
    "result": "0x09aae505e3e38b8da873d88cf6ac8bc791aee8637c35ae79066c38cb945e31e5"
  },
  {
    "jsonrpc": "2.0",
    "id": 24,
    "result": "0x46633df23640bfeaf5514305d37b881d48711614dd0b5cae287ce68d480c44d1"
  },
  {
    "jsonrpc": "2.0",
    "id": 37,
    "result": "0x391068a76d05d4be6f14a8832e9da60e9d40ad1b887439d04ffeb1b846df6e57"
  },
  {
    "jsonrpc": "2.0",
    "id": 42,
    "result": "0x5170254a4b3b6f0bfa7a7a11dbb6eb21760888ee4290f86957eb84c6c4facae3"
  },
  {
    "jsonrpc": "2.0",
    "id": 1592516812855,
    "result": "0x1"
  },
  {
    "jsonrpc": "2.0",
    "id": 46,
    "result": "0x9e5ce640a4216f01bafa150d93d8c37a4d6bf491b873cb420a8ad3a91718b225"
  },
  {
    "jsonrpc": "2.0",
    "id": 50,
    "result": "0x47dead0cc88e8349c9305ecf9e73033eb6a5d46a38fb49ad73421d89fc575561"
  },
  {
    "jsonrpc": "2.0",
    "id": 54,
    "result": "0xb58924772120b7d2c4318ca987cebd765d8c78edb3997bb524c76fdcc9a580ef"
  },
  {
    "jsonrpc": "2.0",
    "id": 58,
    "result": "0x5a5003bfa5f1a85816b97d57a65b5b0a3b4cd2e8f63f0ab3c79c2b519ce75b54"
  },
  {
    "jsonrpc": "2.0",
    "id": 62,
    "result": "0xee2c966a81d631771725f1f69b0e2d05eaf0d0d8ecf0833d00598d4a581b0467"
  },
  {
    "jsonrpc": "2.0",
    "id": 66,
    "result": "0xb67381add18e88685a21ea62c64156039d951f2b2b9c065a6bc12f5502d0da41"
  },
  {
    "jsonrpc": "2.0",
    "id": 70,
    "result": "0x8a152e1a3a2c45ec69b4e52ded319660c9e51f6cd5da10f720d1ac3c07896902"
  },
  {
    "jsonrpc": "2.0",
    "id": 74,
    "result": "0x37ddc8262f2f33a1901c45696c82175ab26e38a5e454a98d8fc4e67df7451835"
  },
  {
    "jsonrpc": "2.0",
    "id": 78,
    "result": "0x7648bdb8a8cd69674e511fbbf75dc8c5f78daa4964d9ef6b905cddf1e19a9371"
  },
  {
    "jsonrpc": "2.0",
    "id": 82,
    "result": "0xb15296b52ad496b1a77a6b515f1b154b32f5c11d5166abfa12539261fffba06a"
  },
  {
    "jsonrpc": "2.0",
    "id": 86,
    "result": "0x49a72f4da01117f9e0fa65c889508b2a068e6ae3b951df1f85affb9e50cfa467"
  },
  {
    "jsonrpc": "2.0",
    "id": 90,
    "result": "0x3143cc239ad127e550d1bb56f230da964cd4b751ee0d24207d3e6b345daca635"
  },
  {
    "jsonrpc": "2.0",
    "id": 94,
    "result": "0x98990a468e9109139d803c80dd73351c969c2891b2f533893bb804e273e6a9f5"
  },
  {
    "jsonrpc": "2.0",
    "id": 98,
    "result": "0xf40bf4972a6ea26967b385e2a3ac7409b6d61364a71fb9b3f395bdeac7682766"
  },
  {
    "jsonrpc": "2.0",
    "id": 102,
    "result": "0x4e37cfa3cc0eba6a2871a2ae1f4c119a885fd7b535b04f18f5b00bc3eafab11d"
  },
  {
    "jsonrpc": "2.0",
    "id": 106,
    "result": "0x6b58f6c852f204349a74e59168e6c213eac82a68e203b86c37157eb5d46ef604"
  },
  {
    "jsonrpc": "2.0",
    "id": 110,
    "result": "0x274a72820eb78a75c27d1a841dc1313da42f1d87b9658722c0e22bbdce4d18cd"
  },
  {
    "jsonrpc": "2.0",
    "id": 114,
    "result": "0x77df40e20c438de215beed09edcf235a7b99bd011082d6df7a5155561d045624"
  },
  {
    "jsonrpc": "2.0",
    "id": 118,
    "result": "0xc1bfdb53c48f083b318ab593577c33ac69120151044d04f6bac31860209a7601"
  },
  {
    "jsonrpc": "2.0",
    "id": 122,
    "result": "0x2fe27c1fd04ccc3005f545be7e6096ad9b7882271c2a0f339c3907fa56cb03d2"
  },
  {
    "jsonrpc": "2.0",
    "id": 126,
    "result": "0x8407a88185d112f488174245276559803b258ac1007703f207bff29904ba486c"
  },
  {
    "jsonrpc": "2.0",
    "id": 130,
    "result": "0x1975d5f94f3c3ca2d32efe6ea636581615928f30512d9d70c8b991a198b473cf"
  },
  {
    "jsonrpc": "2.0",
    "id": 134,
    "result": "0x1d5e3bbcb2e5106807e9bb79d34dc16980b7e63ccd4fe04940e33c6987436d4d"
  },
  {
    "jsonrpc": "2.0",
    "id": 138,
    "result": "0x15415af76c4f9925c5066b644ad0fb2e1cc7a7658c9b9916258c244697a35ecc"
  },
  {
    "jsonrpc": "2.0",
    "id": 142,
    "result": "0x1c626257224a402c5fd1d056777fa95eae39c63ed9a8b0d8c2450dcb891b79b1"
  },
  {
    "jsonrpc": "2.0",
    "id": 146,
    "result": "0x3cabc42a4aa6799a716af7cf0ec4aa382a6b037732f3fd59a0fc837baf5f08fe"
  },
  {
    "jsonrpc": "2.0",
    "id": 150,
    "result": "0x25d6cb964acab42be72912c84cf56e9003c417029efc555867eaaf1ffcdb5c88"
  },
  {
    "jsonrpc": "2.0",
    "id": 154,
    "result": "0xd6f2ce76a59453d016bd50d0cf63e8ea4ab577a19208cde4dc8500f0da2c5cca"
  },
  {
    "jsonrpc": "2.0",
    "id": 158,
    "result": "0xebbb179c339f7dc4ad66a9733c84cd08fa0738a4ed853f14e32f7247cd9d2cb5"
  },
  {
    "jsonrpc": "2.0",
    "id": 162,
    "result": "0xa465cfe6393630a0733c72741f72909944c47d7cd5e3b3c7dc93ce03f3f00635"
  },
  {
    "jsonrpc": "2.0",
    "id": 166,
    "result": "0x620396120ec2463cc221c96efb3afb0b77096f20d8814405f05e105406d4c89d"
  },
  {
    "jsonrpc": "2.0",
    "id": 170,
    "result": "0x475e439ce0d47f0043c6dcbabd7fc9428fe86f05b9c52e233bb7818249f568d2"
  },
  {
    "jsonrpc": "2.0",
    "id": 174,
    "result": "0x5d69decfabdb273a1e7e261566a764a04a82736b9db2704ac89aac384b1c4d32"
  },
  {
    "jsonrpc": "2.0",
    "id": 178,
    "result": "0xc618c3c70753316eda87d547fe9adc82116b7fde729228a4f7361c0d9fb67a86"
  },
  {
    "jsonrpc": "2.0",
    "id": 182,
    "result": "0x546c4c86e000b7a1c697026eca9cfd49fc49e5cf3bd4d963a026de8b4c26b2df"
  },
  {
    "jsonrpc": "2.0",
    "id": 186,
    "result": "0x6a5ffb06bd62db199be3b6326614d5a429bf4b01c6fa7516519eba5a299a300d"
  },
  {
    "jsonrpc": "2.0",
    "id": 190,
    "result": "0xc5cc9624d76aeabb1c3ee603b60e361930fc09ba79128b7e1e35b6a4cd07d9d9"
  },
  {
    "jsonrpc": "2.0",
    "id": 194,
    "result": "0xa16cefbcb7d372770bc98d38f7af55719fd4ba8c648fddb5b42ffaa4290b28e8"
  },
  {
    "jsonrpc": "2.0",
    "id": 198,
    "result": "0x50e79f1e0b143ec751584684c87b17f7d49203170e8ef81f9290a3ff0ff0ea4a"
  },
  {
    "jsonrpc": "2.0",
    "id": 202,
    "result": "0xad415dff2b01e07f92b15e0c796ab114b5cf7517dd5cd43e34c88f5c60e88a76"
  },
  {
    "jsonrpc": "2.0",
    "id": 206,
    "result": "0x913fb36d3c7887d5ab9ed2f83af2993fe8f594d8e90c1318b835b77fe6412d49"
  },
  {
    "jsonrpc": "2.0",
    "id": 210,
    "result": "0xadf42e2286067548126e2259776814c0c74f4db1529223344e187ad4986f4a5d"
  },
  {
    "jsonrpc": "2.0",
    "id": 214,
    "result": "0xae5ce9a2cd58fd5d4ff71788ebdd4b7692a1f228b3981adbaaf57213e98c64a2"
  },
  {
    "jsonrpc": "2.0",
    "id": 218,
    "result": "0xf763d84f4925a68bc3fc0c4fb1dee277705ee5891b5dd5cad0448481ade45c77"
  },
  {
    "jsonrpc": "2.0",
    "id": 222,
    "result": "0xa296643f3cbc3b93e3d3db514b966311bbd106815e684b3ad6c181a8cc7386eb"
  },
  {
    "jsonrpc": "2.0",
    "id": 226,
    "result": "0x31ba7c9f9966c7e3286d22132cc35ce9636e2d707c5ecec4da77a27489d36fa6"
  },
  {
    "jsonrpc": "2.0",
    "id": 230,
    "result": "0xc981bca23e9914ab93bddd24accaa1bfddc22e469f3cdd30dd58bca5bebd4b3a"
  },
  {
    "jsonrpc": "2.0",
    "id": 234,
    "result": "0x4f39ef398f592e9a37d36eeaaec37e9a3df646a1c8d3a1c7e3b4b0360cb36e7c"
  },
  {
    "jsonrpc": "2.0",
    "id": 238,
    "result": "0x8b3bdb98030adcfd87efe39f80c39f0f73bfcdca3bf00dccabed0cf0c79b5727"
  },
  {
    "jsonrpc": "2.0",
    "id": 242,
    "result": "0x36e3305699f349306357e7fa51dc4e609e791ac8b83a3bc3bc0ca8853e6675e4"
  },
  {
    "jsonrpc": "2.0",
    "id": 246,
    "result": "0xd8fd9ef1e663857b80ab98e2afa06426e541464482a399f72f4d8807dca63337"
  },
  {
    "jsonrpc": "2.0",
    "id": 250,
    "result": "0xc241c4ca67ab1a426307f4ee0a37458b141a29bde89123369d5f9cc15b5b0a0c"
  },
  {
    "jsonrpc": "2.0",
    "id": 254,
    "result": "0xcd4e7772f10f538941f5dbe3f468a8440645d06d410752aabf80d62f35cb8d7c"
  },
  {
    "jsonrpc": "2.0",
    "id": 258,
    "result": "0xec49d878c0268bc2b2d4a1222df9ffe670790c6bab08d70fe568128385be1215"
  },
  {
    "jsonrpc": "2.0",
    "id": 262,
    "result": "0x4619f4ea68037f82ded4d1cd4dfeb983fb3d0989c1d481098554f295e7a55071"
  },
  {
    "jsonrpc": "2.0",
    "id": 266,
    "result": "0x94ac7d6951f9f0058274b9d419420f422d59a33ce229c0b1c6473e5cb080b9ba"
  },
  {
    "jsonrpc": "2.0",
    "id": 270,
    "result": "0xe8a37625dd391e4449ec0fe16b69d937ce401ff1cb895be9055f246642835ae3"
  },
  {
    "jsonrpc": "2.0",
    "id": 274,
    "result": "0x0c9c03e959ef6337865b16cf85abeead41c76b19eac84039d80d8fce9203b551"
  },
  {
    "jsonrpc": "2.0",
    "id": 278,
    "result": "0xfee4bde0470b2a9bcc833af85da555f2697634d1289d20eb8b41f31acacb1c53"
  },
  {
    "jsonrpc": "2.0",
    "id": 282,
    "result": "0x23625982aa1a12d30ead88421776dbb9ed30409604160b3ff9e77cd0345fe99e"
  },
  {
    "jsonrpc": "2.0",
    "id": 286,
    "result": "0x5ad9346818977719b23e73f8e5fe1c0107f2fcafb269cad9a351856c82357054"
  },
  {
    "jsonrpc": "2.0",
    "id": 290,
    "result": "0xa75c8cec420f10d4ad6eb34ad92f0c34b99b8980690a2563977cbb8c776905ac"
  },
  {
    "jsonrpc": "2.0",
    "id": 294,
    "result": "0x661bc00419e075006f0c37f4075f5ba017a6b8a6eacc811c99b8f54a63e9e8a7"
  },
  {
    "jsonrpc": "2.0",
    "id": 298,
    "result": "0x4a09ea062ec652f88cbfdd65b061b4db7a2c6dd9eb1ac1fb6fe0629f83b13c34"
  },
  {
    "jsonrpc": "2.0",
    "id": 302,
    "result": "0x245bf2922a927157bd7e69c383ad8d2f124e43e6c64dec8bf016bd98fdd79688"
  },
  {
    "jsonrpc": "2.0",
    "id": 306,
    "result": "0x79b6c2716b941ad85c451154989f2618026f17a532a281947174c53a2c2ac140"
  },
  {
    "jsonrpc": "2.0",
    "id": 310,
    "result": "0xfb0820e2eb738f7d481f55fd8d0889f4f02551ef206a75636d886332a55e9e8c"
  },
  {
    "jsonrpc": "2.0",
    "id": 314,
    "result": "0xc9a8dd38581443ad327d99a67ba80719d2827331fc04f4ab3148cd2b83dcc7e9"
  },
  {
    "jsonrpc": "2.0",
    "id": 318,
    "result": "0xfacc89f15b984a241ffe11e61ac2b6b0ef579d6a8031c5dbd27abcecf4630a30"
  },
  {
    "jsonrpc": "2.0",
    "id": 322,
    "result": "0xe5c7bf38006459d872962e38d729cbe290f65486fa75979f7717a22853b96e1e"
  },
  {
    "jsonrpc": "2.0",
    "id": 326,
    "result": "0xbdd5ca731150349a9bdeeffe4317f5a3f532cfff81b7b4fa16d18d60016c8676"
  },
  {
    "jsonrpc": "2.0",
    "id": 330,
    "result": "0x843c1c8813b989a319e01fd4af3dd18103f58e2ef216f643ba69b4f56d9a58c0"
  },
  {
    "jsonrpc": "2.0",
    "id": 334,
    "result": "0x0bc53178bb0c56f4df8550117f06ecbcb3a8312a9156898ffb46695a006b1391"
  },
  {
    "jsonrpc": "2.0",
    "id": 338,
    "result": "0xe946471792d768c28e8a443636ee98f84114c96f5943fb87326a0638c922d401"
  },
  {
    "jsonrpc": "2.0",
    "id": 342,
    "result": "0x9d4fee1a038f07fc66e0a88740dede405549aa59795f71bee6e0195267d55729"
  },
  {
    "jsonrpc": "2.0",
    "id": 346,
    "result": "0xdd90c5c23e60a789e40220d56e7ff32b9982ce1186b4d729abdcb3e2b534a16f"
  },
  {
    "jsonrpc": "2.0",
    "id": 350,
    "result": "0x51af01e7bdd0ca162d5be43efc9dcadd24645e642bd26dbed8a8b6cb6eccce07"
  },
  {
    "jsonrpc": "2.0",
    "id": 354,
    "result": "0x0759d41a336431aed098b19405aa6ede1547e707aa52f21e9e364bdc50e20ead"
  },
  {
    "jsonrpc": "2.0",
    "id": 358,
    "result": "0x5addd7190d15bb9fe3cd46c52a9b9143272022a1d8ac03007ecff45c49b54740"
  },
  {
    "jsonrpc": "2.0",
    "id": 362,
    "result": "0xb5e64864db06dd9cb49b5f5374dff16e9217412efbb59f95f3c11dbbb386c0ee"
  },
  {
    "jsonrpc": "2.0",
    "id": 366,
    "result": "0x46b36cbc1820ea92028ba7300ae7bc83b501b5fefa674043777ef0dd637aecd0"
  },
  {
    "jsonrpc": "2.0",
    "id": 370,
    "result": "0xfb3087a5e321d518e1222ccd89dd37b901473a85314abce1dfb0f1caeedef82c"
  },
  {
    "jsonrpc": "2.0",
    "id": 374,
    "result": "0x833983033c4aa1b0a1a4b03bbf09d18e7099f5cb1922b595b7a031ba6b7d3105"
  },
  {
    "jsonrpc": "2.0",
    "id": 378,
    "result": "0xf3022edb72b703ae2b8eaeab659ee01e9099067b18f30ca1d5ab333cfeb03826"
  },
  {
    "jsonrpc": "2.0",
    "id": 382,
    "result": "0xf760158660e7141abba8677cce8695aeab30c653d411666ed361826af846651a"
  },
  {
    "jsonrpc": "2.0",
    "id": 386,
    "result": "0xba6dc7ef2e43076d97029eef6366d35432ad4d6d8d61153b3750888ddb5ba6d8"
  },
  {
    "jsonrpc": "2.0",
    "id": 390,
    "result": "0x45d6a36b923e42cabebba2b26c45af9345aa9825457b40224b7b95643e7665ad"
  },
  {
    "jsonrpc": "2.0",
    "id": 394,
    "result": "0x2d039cdc26d80c76f6d99b01120e721681ff0c78fdd1087432ec6636db75913d"
  },
  {
    "jsonrpc": "2.0",
    "id": 398,
    "result": "0x9dc4ee2ec5d9fc9ea8d749739ac84abc59e5a0d3959002416e5ba36ded2de860"
  },
  {
    "jsonrpc": "2.0",
    "id": 402,
    "result": "0x7a8178b29f2dbda2767e88d08a8394b3321f25240e56ff270ade25b4d9b78c48"
  },
  {
    "jsonrpc": "2.0",
    "id": 406,
    "result": "0x5143affa367867d82c5053a3e05c2713c853ac38a5035be1cfc3b13310f77791"
  },
  {
    "jsonrpc": "2.0",
    "id": 410,
    "result": "0x27e7ce096aad63c6e7ef72bf1d102348a1bec68674354df5a714564eb930cad2"
  },
  {
    "jsonrpc": "2.0",
    "id": 414,
    "result": "0x991501e7773072db2c3e9f586e1ce359fd7b2f20b136e72a176df2f1d7440be0"
  },
  {
    "jsonrpc": "2.0",
    "id": 418,
    "result": "0x9c6b95b4c65789aaf746414e049d9493baf4df2f63d3eaf882a657074682ff17"
  },
  {
    "jsonrpc": "2.0",
    "id": 422,
    "result": "0x29cc1d4fd7ebfef7d08f7090e52bad6b0905cad03f7f5e7d622d930732c41523"
  },
  {
    "jsonrpc": "2.0",
    "id": 426,
    "result": "0x0a621d7121a33ff62d20271bfb9e250a0423e446af2f85be98e482383566cf8f"
  },
  {
    "jsonrpc": "2.0",
    "id": 430,
    "result": "0x93f6da0eebb99077e41958c42de12b81a353b4a7b17eb2a07367a5c937bdaaf0"
  },
  {
    "jsonrpc": "2.0",
    "id": 434,
    "result": "0x3f00fbdf742ef65a4a5a8a6e5c52d6d077ced4e4bd12a66fc4db341043915803"
  },
  {
    "jsonrpc": "2.0",
    "id": 438,
    "result": "0x3637af8a38bc0550549d2d20cc90c07438aedd409b5092c1d7a2901befb84ee3"
  },
  {
    "jsonrpc": "2.0",
    "id": 442,
    "result": "0x0b177f77fdc1cfee6a84f8d36b8c60b2ff44f5b92f5517dd3f36b96e0a23146c"
  },
  {
    "jsonrpc": "2.0",
    "id": 446,
    "result": "0x941a771320147e8d0255237bfe0e37180278b520d57d0d2f4c2bd066b4192eb6"
  },
  {
    "jsonrpc": "2.0",
    "id": 449,
    "result": "0x5539c863357c88cb0463899011751dbf1240622c16adbb47404af93285e00454"
  },
  {
    "jsonrpc": "2.0",
    "id": 452,
    "result": "0xef9c0df2f24f9b35328ad83a6fefd3ef57ec4be23d472d66c3f4c5b5e89e3ee8"
  },
  {
    "jsonrpc": "2.0",
    "id": 455,
    "result": "0xb9a1de1856e447bcf8cd3573ff198571be02d31c8e1a91076e77d4603a1bfbf2"
  },
  {
    "jsonrpc": "2.0",
    "id": 458,
    "result": "0x0f350e7dddd8a1818d7bcea878c30ded0c90e88c36ebe8359af10faaa75b2e2e"
  },
  {
    "jsonrpc": "2.0",
    "id": 461,
    "result": "0x3e68c695e1a51ba1864936f2d5391259e5c3359ae750bd26b00146f3458dd15f"
  },
  {
    "jsonrpc": "2.0",
    "id": 464,
    "result": "0x5e90b63f557c721ba978b84d8c4c383ea02a05c231e9ec1051d202aac2fd7453"
  },
  {
    "jsonrpc": "2.0",
    "id": 467,
    "result": "0xd31b6aca48f9df27f1ca0fbfc25452023e0429f1165c5fa47017a5fa718f40de"
  },
  {
    "jsonrpc": "2.0",
    "id": 470,
    "result": "0xb7287ad9b6591ad7a235316f0c5cab446a499b6af7b8cb29de60f03e1ba94400"
  },
  {
    "jsonrpc": "2.0",
    "id": 473,
    "result": "0x91fcdb276ae6cb9996b26d932d2d2326d36942dda410e50a05ace769d6de7649"
  },
  {
    "jsonrpc": "2.0",
    "id": 476,
    "result": "0x453164e16aa3aa3822eba83bab01bfce24e3bd4482a8d1eca93a2a7e3cec4b28"
  },
  {
    "jsonrpc": "2.0",
    "id": 479,
    "result": "0x6046856df224172f651e327cad81e67bb56ff4bc990d40999a1c2947f2499e56"
  },
  {
    "jsonrpc": "2.0",
    "id": 482,
    "result": "0x9b96869f59446b30af52c930471186252babc1ab464b072c45484ac67467760c"
  },
  {
    "jsonrpc": "2.0",
    "id": 485,
    "result": "0x0e1c615c71699d8bee66060ac2372572cddc2802df5a9f8a93a21e7cb451e10c"
  },
  {
    "jsonrpc": "2.0",
    "id": 488,
    "result": "0x2dcb6c14220f68372b04a22e5dc74b6f276c3ebbfab3a3146bfd24d6ef3b326e"
  },
  {
    "jsonrpc": "2.0",
    "id": 491,
    "result": "0x2ad1e624c6674d0d641a7ae4bca39905c07cea4fe62fe63b8b2cc4245ffdd786"
  },
  {
    "jsonrpc": "2.0",
    "id": 494,
    "result": "0x4a313cfd9c71eae5de4daf239750dd831f50885797963fa8b8a18e9f61daf311"
  },
  {
    "jsonrpc": "2.0",
    "id": 497,
    "result": "0x2cecee7f08d571bbe9ff3bd2583a5448babef68ff09a5e3692a2d1af48c63d7f"
  },
  {
    "jsonrpc": "2.0",
    "id": 500,
    "result": "0xb820781b4418059d4d5d2f023e67122419a1ee3c701efeeb25c9cd46f99b5dfe"
  },
  {
    "jsonrpc": "2.0",
    "id": 503,
    "result": "0x081b1af2db251b105b6053dc101c8e0b86afc53178746451917a15249db6cbe0"
  },
  {
    "jsonrpc": "2.0",
    "id": 506,
    "result": "0x672cee2cc432e4908f4ff44b8457c0c526e261b4b775b668aaff008573510cd1"
  },
  {
    "jsonrpc": "2.0",
    "id": 509,
    "result": "0x594912e4efa6b4ef18633b5cb46c66feaf13ddcdb531e03eea47de6fb608b6eb"
  },
  {
    "jsonrpc": "2.0",
    "id": 512,
    "result": "0x6d176ceb1f4b525ffc7c60414a166a1e4c55ec11ed0bf001bb84412774f9bd58"
  },
  {
    "jsonrpc": "2.0",
    "id": 515,
    "result": "0x6b561b5bbf396e16476a84ac9f1f54c2287d3a43f83d7954855a244be9b7f8af"
  },
  {
    "jsonrpc": "2.0",
    "id": 518,
    "result": "0xae6b36cd81c81beb155f2029a38fef8c974082aadf1f8758fdea08f0c607fc72"
  },
  {
    "jsonrpc": "2.0",
    "id": 521,
    "result": "0x291420ae61f2705885d8fbf472625d514cabc5b8abd4290a2a2c38f26ac3c1f9"
  },
  {
    "jsonrpc": "2.0",
    "id": 524,
    "result": "0x763d92824e7cda4b8341adaf574d2db3719e7221f5b730860fadb26eeea71ee2"
  },
  {
    "jsonrpc": "2.0",
    "id": 527,
    "result": "0x5fe312cade395de4105d05887d777dd38e6a3e2b78e67dc5bd7b64422e976117"
  },
  {
    "jsonrpc": "2.0",
    "id": 530,
    "result": "0xc45a740f31494eaa0f6997188821d2772a8fa578bbab8ebf4630241a329cc71c"
  },
  {
    "jsonrpc": "2.0",
    "id": 533,
    "result": "0x18fb4497218fd201548494ece4a8a8e73335256e3e5f3579280c044d749f0350"
  },
  {
    "jsonrpc": "2.0",
    "id": 536,
    "result": "0x05836a22b92c216164147b99dce1765a652c6c6b300843b111da403e7190dcea"
  },
  {
    "jsonrpc": "2.0",
    "id": 539,
    "result": "0xfefce24f2755c60d856bfdf602130f60c893379844b1ec21cdbdc17abd48e4cd"
  },
  {
    "jsonrpc": "2.0",
    "id": 542,
    "result": "0x7b4d2257d97bd31495bc65ae79ce2ddb4b4267d9a8deb6282d096906580b6afd"
  },
  {
    "jsonrpc": "2.0",
    "id": 545,
    "result": "0xd4afa68430616d3e5a1d20972ff8c274ee9fa87e1a28fcdc53d6bd92ef1a4cb3"
  },
  {
    "jsonrpc": "2.0",
    "id": 548,
    "result": "0x031a6202d402c9b21b13e72e22c3d7663e7547612cad71ff0c6e820434450ad8"
  },
  {
    "jsonrpc": "2.0",
    "id": 551,
    "result": "0x6ada6de591152ea3a755ebeb16d8d363541440b5935fb0cee529400b15e85744"
  },
  {
    "jsonrpc": "2.0",
    "id": 554,
    "result": "0x3c18197c7fa654b08ece78f19a45f03a25bf5510607c0a73eff675a55f229b87"
  },
  {
    "jsonrpc": "2.0",
    "id": 557,
    "result": "0x5fb40a73248d93f573c568071884953b566b1fb792d9de60f5b27eaf9501ccaa"
  },
  {
    "jsonrpc": "2.0",
    "id": 560,
    "result": "0x6a51771d9498dbf4e387586af8f934b92a05a38ca8d33f47d8f14f1e6bbc96d0"
  },
  {
    "jsonrpc": "2.0",
    "id": 563,
    "result": "0x24992eef2cfade5b6ed44385adb9e6b6cfe0cb2ff23c43acffb5e7a106dc6d44"
  },
  {
    "jsonrpc": "2.0",
    "id": 566,
    "result": "0x1468a8c3af4aa5455bc27bcc0ed4a4ff76639b04d81d4b20661e1097f0f9193b"
  },
  {
    "jsonrpc": "2.0",
    "id": 569,
    "result": "0xf25299f97cc8e58e013db3a502d5bf87f25f271fb4811c41e3abd2d1ae7d1a09"
  },
  {
    "jsonrpc": "2.0",
    "id": 572,
    "result": "0x47f1ee44eda3e18eaf12aa829728fd3438f0e09ea99c212c2244b1728abfdc7e"
  },
  {
    "jsonrpc": "2.0",
    "id": 575,
    "result": "0xe52d5f2c0226dde6b257b5b4ab9adc65a97b5a6b1ee37cb84ccb847fe7c8ad4d"
  },
  {
    "jsonrpc": "2.0",
    "id": 578,
    "result": "0x494365a52d3afb2c072d4f037f28274abc259347341ab589ef107df22e987a94"
  },
  {
    "jsonrpc": "2.0",
    "id": 581,
    "result": "0xba5d2b6a5c23450a0d03621f028838834b2fe87c81be01b939dc3f4b9bd2c26e"
  },
  {
    "jsonrpc": "2.0",
    "id": 584,
    "result": "0x2042877efb0c713a54fda0b1a17807c31474f120cea79d134c8ef05858a05219"
  },
  {
    "jsonrpc": "2.0",
    "id": 587,
    "result": "0x9a875dc43f6ac2629e454fe6928aa024c108d8edcfac4a75349476bb6c880a3a"
  },
  {
    "jsonrpc": "2.0",
    "id": 590,
    "result": "0x35b5bcb23ff79289ab62751d37d56b5980a644b9f28e880f0f0d89cf03b30619"
  },
  {
    "jsonrpc": "2.0",
    "id": 593,
    "result": "0xc3c541eba1fda7421e399eb6fb56d4c944035addbb1856c85f98369b8da27f6c"
  },
  {
    "jsonrpc": "2.0",
    "id": 596,
    "result": "0x97b9b4551a5eee09f4d80d8a77bcbf376ead95e37be5fff784170addfc2ab3b5"
  },
  {
    "jsonrpc": "2.0",
    "id": 599,
    "result": "0x4c8c60848d1e1dbeb181fb9d4ea81bf8e8d011fbec13290d8e9222805bd741b3"
  },
  {
    "jsonrpc": "2.0",
    "id": 602,
    "result": "0x429f76e1122469e609fca7402bcf17e9df01475de4169fd3873d9f67f95b9863"
  },
  {
    "jsonrpc": "2.0",
    "id": 605,
    "result": "0x8355deecc62e48e76d16917808a96037a0caf79ed560077f7060a9b978ca1c9b"
  },
  {
    "jsonrpc": "2.0",
    "id": 608,
    "result": "0xc6297b1cf718eb8e0259a3b296299e4d31a7493a324c9c6eaf774a2fe574723d"
  },
  {
    "jsonrpc": "2.0",
    "id": 611,
    "result": "0x1d0ee8da7fe103f738ad0f6ace441b73a9418afaf1bf1485632f4b409e92cdd0"
  },
  {
    "jsonrpc": "2.0",
    "id": 614,
    "result": "0x8f404d4d7ae3d4af1c761b0ece2154bc00c889e7b5713062afd1e780e1117a1a"
  },
  {
    "jsonrpc": "2.0",
    "id": 617,
    "result": "0xff9bdbc4892e5c3903d069933f13b40ce4a74e72378cd10ed8135073801550a5"
  },
  {
    "jsonrpc": "2.0",
    "id": 620,
    "result": "0xcb7fe57ab6e73b3861cd545f6cf0c4b3c894b20b1b46e09a6ce3f6bb87a538e3"
  },
  {
    "jsonrpc": "2.0",
    "id": 623,
    "result": "0x937bb703cdcb5d599a908b10971b97c2ee49b8478676e6340271ebb639beaa26"
  },
  {
    "jsonrpc": "2.0",
    "id": 626,
    "result": "0x90ff39ae74fd2098caaa441922b7e61eaa115ead40c385da2afe66f2e4ca5883"
  },
  {
    "jsonrpc": "2.0",
    "id": 629,
    "result": "0x1826e9c3df54c6824c9b48862e8a9d02f8d4f7b610d935a02e9fb078861e2d38"
  },
  {
    "jsonrpc": "2.0",
    "id": 632,
    "result": "0xa289cdeb354c7f5d51f8ef4b4e5ab4e30f2427a4be2537a3bb3d82c1a48f41b6"
  },
  {
    "jsonrpc": "2.0",
    "id": 635,
    "result": "0x97c2eae06f1d5ef69ae160d3ca55c58dfcdc42b61411c91ec3bd7b8afb08a5e2"
  },
  {
    "jsonrpc": "2.0",
    "id": 638,
    "result": "0xce9f6a99692508d5c262a7eebf95b32b1b72755e985a305be57bb1032d86e953"
  },
  {
    "jsonrpc": "2.0",
    "id": 641,
    "result": "0x9687d1f2898524f316330c56f25b786ba33417fac232fa70f4618c8fc5c12ce5"
  },
  {
    "jsonrpc": "2.0",
    "id": 644,
    "result": "0x317e1b588f61c7ca54a65fdea55476be102edf3ee237e0311149c25a26431a48"
  },
  {
    "jsonrpc": "2.0",
    "id": 647,
    "result": "0x82f6f69cf26119b4d6172eb08ca706bc61af699c4b488532494aa2a14d70b3b9"
  },
  {
    "jsonrpc": "2.0",
    "id": 650,
    "result": "0xe74299ba936b36339a60170e973e38db00f72c362719049d977115020e32dc66"
  },
  {
    "jsonrpc": "2.0",
    "id": 653,
    "result": "0x5e679188456130d5819e02e82a288f9f61233a8b84a30771f5a085b027acf6b8"
  },
  {
    "jsonrpc": "2.0",
    "id": 656,
    "result": "0x77c3a041d0dd83c203c51b6a1f61080b641a03f5dfa721e5e5dcaae5cd212ce2"
  },
  {
    "jsonrpc": "2.0",
    "id": 659,
    "result": "0x5859c145d9c1fac47f61d6f9df906289ad2ae7224eeabbbb7ecd1c107fd1c316"
  },
  {
    "jsonrpc": "2.0",
    "id": 662,
    "result": "0x7bee42ed3b47e32091b2d7300a44a195b5d60cfe6bef8f0118d2a6e08bf67fed"
  },
  {
    "jsonrpc": "2.0",
    "id": 665,
    "result": "0x1dcf226d004c015ad413ecb504210a0e86ce2c3364bb37e63afa7a946532029d"
  },
  {
    "jsonrpc": "2.0",
    "id": 668,
    "result": "0x33d85bd806e7791d75c4f52af6526a0d28007aff5f8adcf772ed7301e67dfd02"
  },
  {
    "jsonrpc": "2.0",
    "id": 671,
    "result": "0x2e89caedf500979629931fa9deaccc1fb27f4cc0cdd395c86e86ecf5cf4898d7"
  },
  {
    "jsonrpc": "2.0",
    "id": 674,
    "result": "0x8448619d1165ccb67068d7167318ffafa173ddc8917b2b89874bf771d49a1155"
  },
  {
    "jsonrpc": "2.0",
    "id": 677,
    "result": "0x76eb44e20e06996fdaf3551979ae0710260f94b46a65792c459940a0342a120f"
  },
  {
    "jsonrpc": "2.0",
    "id": 680,
    "result": "0x674fd3e26b1e541f441e62689b62a8d7387fb77465b37700d112e06e3b2631a6"
  },
  {
    "jsonrpc": "2.0",
    "id": 683,
    "result": "0x2dec021d27abed5d7186fecfd834ac535205d9557383d9e9ef86341f454e3993"
  },
  {
    "jsonrpc": "2.0",
    "id": 686,
    "result": "0x202268dac411f7136e9b80e4b0c90e45789064188c89b58feb0865c4c40d12f3"
  },
  {
    "jsonrpc": "2.0",
    "id": 689,
    "result": "0x78d031c5546057323d0aaa43d116ea0c244092d072f8605b7fc6461987337898"
  },
  {
    "jsonrpc": "2.0",
    "id": 692,
    "result": "0xfcce0680686a2db8c4ca92020756b15b6f4111cdab094fb49f755e4c6307882d"
  },
  {
    "jsonrpc": "2.0",
    "id": 695,
    "result": "0x5f64b82a9002b95cccfcde325be888037113dec2e9822556a415853c6da418cc"
  },
  {
    "jsonrpc": "2.0",
    "id": 698,
    "result": "0x77d71701e50e78c8dc8d057673fd33dc29a8d0c29bce6ff7547f70646a7ddd91"
  },
  {
    "jsonrpc": "2.0",
    "id": 701,
    "result": "0xe47e74c420336fcaa594780c681612dbbaf3aaed5ced848bfc4c54736042891a"
  },
  {
    "jsonrpc": "2.0",
    "id": 704,
    "result": "0xcebad245b04a1045035ff5f6bf97e4f9452ae119d11634edc90b02c8966d7c8d"
  },
  {
    "jsonrpc": "2.0",
    "id": 707,
    "result": "0x412eca3c3b7f9d7fa3d101f2346db23a31b501bae936237c4e324e75ff540dd8"
  },
  {
    "jsonrpc": "2.0",
    "id": 710,
    "result": "0x63df8fabaae07eadee270fdb2a0167a2e7b8c4bc1f281d831216cee828b47d32"
  },
  {
    "jsonrpc": "2.0",
    "id": 713,
    "result": "0x98abcc28ac75632b0ee4191247025f65a68efb6d6ee1c3303e20990b2553e356"
  },
  {
    "jsonrpc": "2.0",
    "id": 716,
    "result": "0x7c53b847de2c27cb67e64959570f1a21761c8ef357b8046ad294ad203b085830"
  },
  {
    "jsonrpc": "2.0",
    "id": 719,
    "result": "0x23c0645124aad35df52e28b55dce6c1fd5156f7ecf0ffeaf24a691f752cb36ff"
  },
  {
    "jsonrpc": "2.0",
    "id": 722,
    "result": "0x1e76107f739ad9932eaa2da76f7787b88de39e90b64007b3a9e3e3a7d892450e"
  },
  {
    "jsonrpc": "2.0",
    "id": 725,
    "result": "0xcd4398c510efe7fdc6b3a9db83235da0996fbe7a0a8ac9ddadb8c0415a88b8f0"
  },
  {
    "jsonrpc": "2.0",
    "id": 728,
    "result": "0xec492202a029748c7fcdee33f1abc6410aa46e72b940673244dd613d00b4ca34"
  },
  {
    "jsonrpc": "2.0",
    "id": 731,
    "result": "0xb8e8029b0e7fbdad6f4b82cce3906c2ae4c1f85bbefedda0361c80d115a4fc33"
  },
  {
    "jsonrpc": "2.0",
    "id": 734,
    "result": "0x47ec2f94ba3b656f4178e9867431935e1ea798a5f5820acd0c20e94d0b482d1b"
  },
  {
    "jsonrpc": "2.0",
    "id": 737,
    "result": "0x4c7f86495a2131576ade7ba70ccc7d2f9d493caeb75a798bc9eb697ec757b906"
  },
  {
    "jsonrpc": "2.0",
    "id": 740,
    "result": "0x79c1ce43d9301585c4e6dd3d027efc5b409c3706c4e6a1d7f0b26c1721c92573"
  },
  {
    "jsonrpc": "2.0",
    "id": 743,
    "result": "0x2c343207ccad12dce63b570ab9fb96447fa6b8ba95e032cdece459b949be98c3"
  },
  {
    "jsonrpc": "2.0",
    "id": 744,
    "result": {
      "stateRoot": "0x324d6a6ab0e0d5a68bce54f9fc1c0474f786f700babca4fa43fa873b328877c1"
    }
  }
]
