{
  "jsonrpc": "2.0",
  "id": 1,
  "result": true
}
{
  "jsonrpc": "2.0",
  "id": 2,
  "result": "0xf6f451f74bcbdaeacf2d3125a6b520a2dbbdce9245057f94db8dff2ccfb120d6"
}
{
  "jsonrpc": "2.0",
  "id": 3,
  "result": {
    "transactionHash": "0xf6f451f74bcbdaeacf2d3125a6b520a2dbbdce9245057f94db8dff2ccfb120d6",
    "transactionIndex": "0x0",
    "blockHash": "0xed8ab51bf698c4bb82dd264817f8545c01a1fd8c1e50fe23be44ce783c9b4ccc",
    "blockNumber": "0x1",
    "from": "0x6704fbfcd5ef766b287262fa2281c105d57246a6",
    "to": "0xa990077c3205cbdf861e17fa532eeb069ce9ff96",
    "gasUsed": "0x5208",
    "cumulativeGasUsed": "0x5208",
    "contractAddress": null,
    "logs": [],
    "status": "0x1",
    "logsBloom": "0x00000000000000000000000000000000000000000000000000000000000000000000000000000000000000000000000000000000000000000000000000000000000000000000000000000000000000000000000000000000000000000000000000000000000000000000000000000000000000000000000000000000000000000000000000000000000000000000000000000000000000000000000000000000000000000000000000000000000000000000000000000000000000000000000000000000000000000000000000000000000000000000000000000000000000000000000000000000000000000000000000000000000000000000000000000000",
    "v": "0x1b",
    "r": "0x13055c497d6d9d0beb627c40037bcab39a0883abe9f92749c03d3da5c8798f0d",
    "s": "0x17b4fee9cb437f0532c08448f537479cd4d9d6277adec2af5119be2928fcafec"
  }
}
{
  "jsonrpc": "2.0",
  "id": 0,
  "result": true
}
{
  "jsonrpc": "2.0",
  "id": 4,
  "result": "0xfefb2da535e927b85fe68eb81cb2e4a5827c905f78381a01ef2322aa9b0aee8e"
}
{
  "jsonrpc": "2.0",
  "id": 5,
  "result": {
    "transactionHash": "0xfefb2da535e927b85fe68eb81cb2e4a5827c905f78381a01ef2322aa9b0aee8e",
    "transactionIndex": "0x0",
    "blockHash": "0xeac0acddf2c8c9fa915a5ae1b617fa09d611f5b3317b471a01d6ea86b00f30d3",
    "blockNumber": "0x2",
    "from": "0xa990077c3205cbdf861e17fa532eeb069ce9ff96",
    "to": null,
    "gasUsed": "0x906b5",
    "cumulativeGasUsed": "0x906b5",
    "contractAddress": "0x1820a4b7618bde71dce8cdc73aab6c95905fad24",
    "logs": [],
    "status": "0x1",
    "logsBloom": "0x00000000000000000000000000000000000000000000000000000000000000000000000000000000000000000000000000000000000000000000000000000000000000000000000000000000000000000000000000000000000000000000000000000000000000000000000000000000000000000000000000000000000000000000000000000000000000000000000000000000000000000000000000000000000000000000000000000000000000000000000000000000000000000000000000000000000000000000000000000000000000000000000000000000000000000000000000000000000000000000000000000000000000000000000000000000",
    "v": "0x1b",
    "r": "0x1820182018201820182018201820182018201820182018201820182018201820",
    "s": "0x1820182018201820182018201820182018201820182018201820182018201820"
  }
}
