{
  "jsonrpc": "2.0",
  "id": 1,
  "result": true
}
{
  "jsonrpc": "2.0",
  "id": 1,
  "result": true
}
{
  "jsonrpc": "2.0",
  "id": 2,
  "result": "0xd9550d635cd2dad8167ddaad05a40c2c431152db1bd63e696d92930ae80e2c1c"
}
{
  "jsonrpc": "2.0",
  "id": 3,
  "result": {
    "transactionHash": "0xd9550d635cd2dad8167ddaad05a40c2c431152db1bd63e696d92930ae80e2c1c",
    "transactionIndex": "0x0",
    "blockHash": "0xfbe25ecab506fbcd24df2fb4417ad0b68aeaac953206b659fc06e1e8921bbd75",
    "blockNumber": "0x1",
    "from": "0xcdedf6c39b65646e18d239315ffa275490be97e0",
    "to": "0xb596a41ebe34affcc8e68f1e732fd85fd5ce85d6",
    "gasUsed": "0x5208",
    "cumulativeGasUsed": "0x5208",
    "contractAddress": null,
    "logs": [],
    "status": "0x1",
    "logsBloom": "0x00000000000000000000000000000000000000000000000000000000000000000000000000000000000000000000000000000000000000000000000000000000000000000000000000000000000000000000000000000000000000000000000000000000000000000000000000000000000000000000000000000000000000000000000000000000000000000000000000000000000000000000000000000000000000000000000000000000000000000000000000000000000000000000000000000000000000000000000000000000000000000000000000000000000000000000000000000000000000000000000000000000000000000000000000000000",
    "v": "0x1c",
    "r": "0xc0d90eee2df1db9dfbc24810a9d06ee2fe3119bd9d410b5db3eafff394179fa5",
    "s": "0x3313e39428144fa6db09d8e62cbe5a8581c4985ab90dcd9f4ce5d01bac2d34fb"
  }
}
