tests/BlockchainTests/GeneralStateTests/stCreateTest/CREATE_AcreateB_BSuicide_BStore/CREATE_AcreateB_BSuicide_BStore_d0g0v0_EIP150.json
