<kevm>
  <k>
    check "account" : { 244687034288125203496486448490407391986876152250 : { "balance" : 3000017592186844416 , .JSONList } , .JSONList } ~> check "account" : { 244687034288125203496486448490407391986876152250 : { "code" : "" , "nonce" : "0x00" , "storage" : { .JSONList } , .JSONList } , .JSONList } ~> check "account" : { "0x6a0a0fc761c612c340a0e98d33b37a75e5268472" : { "balance" : "0x0de0b6b3a7640000" , "code" : "0x7f6004600c60003960046000f3600035ff00000000000000000000000000000000600052602060006000f0600054805b6001018060005260008060208180876006f1506001018060005260008060208180876006f1506001018060005260008060208180876006f1506001018060005260008060208180876006f1506001018060005260008060208180876006f1506001018060005260008060208180876006f1506001018060005260008060208180876006f1506001018060005260008060208180876006f1506001018060005260008060208180876006f1506001018060005260008060208180876006f1506001018060005260008060208180876006f1506001018060005260008060208180876006f1506001018060005260008060208180876006f1506001018060005260008060208180876006f1506001018060005260008060208180876006f1506001018060005260008060208180876006f1506001018060005260008060208180876006f1506001018060005260008060208180876006f1506001018060005260008060208180876006f1506001018060005260008060208180876006f1506001018060005260008060208180876006f1506001018060005260008060208180876006f1506001018060005260008060208180876006f1506001018060005260008060208180876006f1506001018060005260008060208180876006f1506001018060005260008060208180876006f1506001018060005260008060208180876006f1506001018060005260008060208180876006f1506001018060005260008060208180876006f1506001018060005260008060208180876006f1506001018060005260008060208180876006f1506001018060005260008060208180876006f1506001018060005260008060208180876006f1506001018060005260008060208180876006f1506001018060005260008060208180876006f1506001018060005260008060208180876006f1506001018060005260008060208180876006f1506001018060005260008060208180876006f1506001018060005260008060208180876006f1506001018060005260008060208180876006f1505a616000106200002f57600055" , "nonce" : "0x00" , "storage" : { .JSONList } , .JSONList } , "0xa94f5374fce5edbc8e2a8697c15331677e6ebf0b" : { "balance" : "0xe8d498db00" , "code" : "" , "nonce" : "0x01" , "storage" : { .JSONList } , .JSONList } , .JSONList } ~> failure "ContractCreationSpam_d0g0v0_Byzantium" ~> check "ContractCreationSpam_d0g0v0_Byzantium" : { "genesisBlockHeader" : { "bloom" : "0x00000000000000000000000000000000000000000000000000000000000000000000000000000000000000000000000000000000000000000000000000000000000000000000000000000000000000000000000000000000000000000000000000000000000000000000000000000000000000000000000000000000000000000000000000000000000000000000000000000000000000000000000000000000000000000000000000000000000000000000000000000000000000000000000000000000000000000000000000000000000000000000000000000000000000000000000000000000000000000000000000000000000000000000000000000000" , "coinbase" : "0x2adc25665018aa1fe0e6bc666dac8fc2697ff9ba" , "difficulty" : "0x020000" , "extraData" : "0x42" , "gasLimit" : "0x174876e800" , "gasUsed" : "0x00" , "hash" : "0x24a30e4305ac41674b26493c800c05f507e98d3b8bceb0a314f9b9bc43622736" , "mixHash" : "0x56e81f171bcc55a6ff8345e692c0f86e5b48e01b996cadc001622fb5e363b421" , "nonce" : "0x0102030405060708" , "number" : "0x00" , "parentHash" : "0x0000000000000000000000000000000000000000000000000000000000000000" , "receiptTrie" : "0x56e81f171bcc55a6ff8345e692c0f86e5b48e01b996cadc001622fb5e363b421" , "stateRoot" : "0xd54ec35ca872c653659ad91eaa355665c286183b541a0519b3ab765a2d6733c3" , "timestamp" : "0x03b6" , "transactionsTrie" : "0x56e81f171bcc55a6ff8345e692c0f86e5b48e01b996cadc001622fb5e363b421" , "uncleHash" : "0x1dcc4de8dec75d7aab85b567b6ccd41ad312451b948a7413f0a142fd40d49347" , .JSONList } , .JSONList } ~> check "ContractCreationSpam_d0g0v0_Byzantium" : { "blockHeader" : { "bloom" : "0x00000000000000000000000000000000000000000000000000000000000000000000000000000000000000000000000000000000000000000000000000000000000000000000000000000000000000000000000000000000000000000000000000000000000000000000000000000000000000000000000000000000000000000000000000000000000000000000000000000000000000000000000000000000000000000000000000000000000000000000000000000000000000000000000000000000000000000000000000000000000000000000000000000000000000000000000000000000000000000000000000000000000000000000000000000000" , "coinbase" : "0x2adc25665018aa1fe0e6bc666dac8fc2697ff9ba" , "difficulty" : "0x020000" , "extraData" : "" , "gasLimit" : "0x174876e800" , "gasUsed" : "0x0c3500" , "hash" : "0x395c1b94f8f4fe9f239719e27d11c86cec9b0c5ae063482fe187e7cdbc9ca9fa" , "mixHash" : "0x0000000000000000000000000000000000000000000000000000000000000000" , "nonce" : "0x0000000000000000" , "number" : "0x01" , "parentHash" : "0x24a30e4305ac41674b26493c800c05f507e98d3b8bceb0a314f9b9bc43622736" , "receiptTrie" : "0x1723da285b2c748c2ca379879c0cc2319ff26a9feb6d0779c6821ebe1a8122f6" , "stateRoot" : "0x0344321ea672cbc56b9b51fa730cb2e67fe4b5a7f8c4a14a291ce4d0292e2352" , "timestamp" : "0x03e8" , "transactionsTrie" : "0x202c09237fc2d6599e3cce6c9775000e3714d184832789143ef1ec871492f7fa" , "uncleHash" : "0x1dcc4de8dec75d7aab85b567b6ccd41ad312451b948a7413f0a142fd40d49347" , .JSONList } , .JSONList } ~> check "ContractCreationSpam_d0g0v0_Byzantium" : { "transactions" : [ { "data" : "0x" , "gasLimit" : "0x0c3500" , "gasPrice" : "0x01" , "nonce" : "0x00" , "r" : "0xaca0d145ae5d27ed427ff0e463b8a46181d4786c437d6efb9937a6990694af7a" , "s" : "0x0f9bd68ece8f38ef2836153cd0bb85ec92f8386177f6e68d5437ab7b7d0d6361" , "to" : "0x6a0a0fc761c612c340a0e98d33b37a75e5268472" , "v" : "0x1b" , "value" : "0x00" , .JSONList } , .JSONList ] , .JSONList } ~> check "ContractCreationSpam_d0g0v0_Byzantium" : { "uncleHeaders" : [ .JSONList ] , .JSONList } ~> clear ~> run { .JSONList } ~> success .EthereumSimulation
  </k>
  <exit-code>
    1
  </exit-code>
  <mode>
    NORMAL
  </mode>
  <schedule>
    BYZANTIUM
  </schedule>
  <ethereum>
    <evm>
      <output>
        .WordStack
      </output>
      <statusCode>
        EVMC_OUT_OF_GAS
      </statusCode>
      <callStack>
        .List
      </callStack>
      <interimStates>
        .List
      </interimStates>
      <touchedAccounts>
        SetItem ( 244687034288125203496486448490407391986876152250 )
        SetItem ( 605377403689755860392575400028894927315383256178 )
        SetItem ( 966588469268559010541288244128342317224451555083 )
        SetItem ( 1167766894475069270441227884904096439843862160299 )
      </touchedAccounts>
      <callState>
        <program>
          .Map
        </program>
        <programBytes>
          .WordStack
        </programBytes>
        <id>
          0
        </id>
        <caller>
          0
        </caller>
        <callData>
          .WordStack
        </callData>
        <callValue>
          0
        </callValue>
        <wordStack>
          .WordStack
        </wordStack>
        <localMem>
          .Map
        </localMem>
        <pc>
          0
        </pc>
        <gas>
          0
        </gas>
        <memoryUsed>
          0
        </memoryUsed>
        <callGas>
          779000
        </callGas>
        <static>
          false
        </static>
        <callDepth>
          -1
        </callDepth>
      </callState>
      <substate>
        <selfDestruct>
          .Set
        </selfDestruct>
        <log>
          .List
        </log>
        <refund>
          0
        </refund>
      </substate>
      <gasPrice>
        1
      </gasPrice>
      <origin>
        966588469268559010541288244128342317224451555083
      </origin>
      <previousHash>
        16571357051919171647812252688150536926893680553418066239369932048252618811190
      </previousHash>
      <ommersHash>
        13478047122767188135818125966132228187941283477090363246179690878162135454535
      </ommersHash>
      <coinbase>
        244687034288125203496486448490407391986876152250
      </coinbase>
      <stateRoot>
        1477430059799533586754885186927219234403198845911817080209357323761022280530
      </stateRoot>
      <transactionsRoot>
        14551815498284840264014857837325028947526850354915646895726655739316204140538
      </transactionsRoot>
      <receiptsRoot>
        10466540833385543789724272542100884313025723654884224509797710346113521885942
      </receiptsRoot>
      <logsBloom>
        0 : 0 : 0 : 0 : 0 : 0 : 0 : 0 : 0 : 0 : 0 : 0 : 0 : 0 : 0 : 0 : 0 : 0 : 0 : 0 : 0 : 0 : 0 : 0 : 0 : 0 : 0 : 0 : 0 : 0 : 0 : 0 : 0 : 0 : 0 : 0 : 0 : 0 : 0 : 0 : 0 : 0 : 0 : 0 : 0 : 0 : 0 : 0 : 0 : 0 : 0 : 0 : 0 : 0 : 0 : 0 : 0 : 0 : 0 : 0 : 0 : 0 : 0 : 0 : 0 : 0 : 0 : 0 : 0 : 0 : 0 : 0 : 0 : 0 : 0 : 0 : 0 : 0 : 0 : 0 : 0 : 0 : 0 : 0 : 0 : 0 : 0 : 0 : 0 : 0 : 0 : 0 : 0 : 0 : 0 : 0 : 0 : 0 : 0 : 0 : 0 : 0 : 0 : 0 : 0 : 0 : 0 : 0 : 0 : 0 : 0 : 0 : 0 : 0 : 0 : 0 : 0 : 0 : 0 : 0 : 0 : 0 : 0 : 0 : 0 : 0 : 0 : 0 : 0 : 0 : 0 : 0 : 0 : 0 : 0 : 0 : 0 : 0 : 0 : 0 : 0 : 0 : 0 : 0 : 0 : 0 : 0 : 0 : 0 : 0 : 0 : 0 : 0 : 0 : 0 : 0 : 0 : 0 : 0 : 0 : 0 : 0 : 0 : 0 : 0 : 0 : 0 : 0 : 0 : 0 : 0 : 0 : 0 : 0 : 0 : 0 : 0 : 0 : 0 : 0 : 0 : 0 : 0 : 0 : 0 : 0 : 0 : 0 : 0 : 0 : 0 : 0 : 0 : 0 : 0 : 0 : 0 : 0 : 0 : 0 : 0 : 0 : 0 : 0 : 0 : 0 : 0 : 0 : 0 : 0 : 0 : 0 : 0 : 0 : 0 : 0 : 0 : 0 : 0 : 0 : 0 : 0 : 0 : 0 : 0 : 0 : 0 : 0 : 0 : 0 : 0 : 0 : 0 : 0 : 0 : 0 : 0 : 0 : 0 : 0 : 0 : 0 : 0 : 0 : 0 : 0 : 0 : 0 : 0 : 0 : 0 : 0 : 0 : 0 : 0 : 0 : .WordStack
      </logsBloom>
      <difficulty>
        131072
      </difficulty>
      <number>
        1
      </number>
      <gasLimit>
        100000000000
      </gasLimit>
      <gasUsed>
        800000
      </gasUsed>
      <timestamp>
        1000
      </timestamp>
      <extraData>
        .WordStack
      </extraData>
      <mixHash>
        0
      </mixHash>
      <blockNonce>
        0
      </blockNonce>
      <ommerBlockHeaders>
        [ .JSONList ]
      </ommerBlockHeaders>
      <blockhash>
        ListItem ( 16571357051919171647812252688150536926893680553418066239369932048252618811190 )
        ListItem ( 0 )
      </blockhash>
    </evm>
    <network>
      <activeAccounts>
        SetItem ( 244687034288125203496486448490407391986876152250 )
        SetItem ( 605377403689755860392575400028894927315383256178 )
        SetItem ( 966588469268559010541288244128342317224451555083 )
      </activeAccounts>
      <accounts>
        <account>
          <acctID>
            244687034288125203496486448490407391986876152250
          </acctID>
          <balance>
            3000000000000800000
          </balance>
          <code>
            .WordStack
          </code>
          <storage>
            .Map
          </storage>
          <origStorage>
            .Map
          </origStorage>
          <nonce>
            0
          </nonce>
        </account> <account>
          <acctID>
            605377403689755860392575400028894927315383256178
          </acctID>
          <balance>
            1000000000000000000
          </balance>
          <code>
            127 : 96 : 4 : 96 : 12 : 96 : 0 : 57 : 96 : 4 : 96 : 0 : 243 : 96 : 0 : 53 : 255 : 0 : 0 : 0 : 0 : 0 : 0 : 0 : 0 : 0 : 0 : 0 : 0 : 0 : 0 : 0 : 0 : 96 : 0 : 82 : 96 : 32 : 96 : 0 : 96 : 0 : 240 : 96 : 0 : 84 : 128 : 91 : 96 : 1 : 1 : 128 : 96 : 0 : 82 : 96 : 0 : 128 : 96 : 32 : 129 : 128 : 135 : 96 : 6 : 241 : 80 : 96 : 1 : 1 : 128 : 96 : 0 : 82 : 96 : 0 : 128 : 96 : 32 : 129 : 128 : 135 : 96 : 6 : 241 : 80 : 96 : 1 : 1 : 128 : 96 : 0 : 82 : 96 : 0 : 128 : 96 : 32 : 129 : 128 : 135 : 96 : 6 : 241 : 80 : 96 : 1 : 1 : 128 : 96 : 0 : 82 : 96 : 0 : 128 : 96 : 32 : 129 : 128 : 135 : 96 : 6 : 241 : 80 : 96 : 1 : 1 : 128 : 96 : 0 : 82 : 96 : 0 : 128 : 96 : 32 : 129 : 128 : 135 : 96 : 6 : 241 : 80 : 96 : 1 : 1 : 128 : 96 : 0 : 82 : 96 : 0 : 128 : 96 : 32 : 129 : 128 : 135 : 96 : 6 : 241 : 80 : 96 : 1 : 1 : 128 : 96 : 0 : 82 : 96 : 0 : 128 : 96 : 32 : 129 : 128 : 135 : 96 : 6 : 241 : 80 : 96 : 1 : 1 : 128 : 96 : 0 : 82 : 96 : 0 : 128 : 96 : 32 : 129 : 128 : 135 : 96 : 6 : 241 : 80 : 96 : 1 : 1 : 128 : 96 : 0 : 82 : 96 : 0 : 128 : 96 : 32 : 129 : 128 : 135 : 96 : 6 : 241 : 80 : 96 : 1 : 1 : 128 : 96 : 0 : 82 : 96 : 0 : 128 : 96 : 32 : 129 : 128 : 135 : 96 : 6 : 241 : 80 : 96 : 1 : 1 : 128 : 96 : 0 : 82 : 96 : 0 : 128 : 96 : 32 : 129 : 128 : 135 : 96 : 6 : 241 : 80 : 96 : 1 : 1 : 128 : 96 : 0 : 82 : 96 : 0 : 128 : 96 : 32 : 129 : 128 : 135 : 96 : 6 : 241 : 80 : 96 : 1 : 1 : 128 : 96 : 0 : 82 : 96 : 0 : 128 : 96 : 32 : 129 : 128 : 135 : 96 : 6 : 241 : 80 : 96 : 1 : 1 : 128 : 96 : 0 : 82 : 96 : 0 : 128 : 96 : 32 : 129 : 128 : 135 : 96 : 6 : 241 : 80 : 96 : 1 : 1 : 128 : 96 : 0 : 82 : 96 : 0 : 128 : 96 : 32 : 129 : 128 : 135 : 96 : 6 : 241 : 80 : 96 : 1 : 1 : 128 : 96 : 0 : 82 : 96 : 0 : 128 : 96 : 32 : 129 : 128 : 135 : 96 : 6 : 241 : 80 : 96 : 1 : 1 : 128 : 96 : 0 : 82 : 96 : 0 : 128 : 96 : 32 : 129 : 128 : 135 : 96 : 6 : 241 : 80 : 96 : 1 : 1 : 128 : 96 : 0 : 82 : 96 : 0 : 128 : 96 : 32 : 129 : 128 : 135 : 96 : 6 : 241 : 80 : 96 : 1 : 1 : 128 : 96 : 0 : 82 : 96 : 0 : 128 : 96 : 32 : 129 : 128 : 135 : 96 : 6 : 241 : 80 : 96 : 1 : 1 : 128 : 96 : 0 : 82 : 96 : 0 : 128 : 96 : 32 : 129 : 128 : 135 : 96 : 6 : 241 : 80 : 96 : 1 : 1 : 128 : 96 : 0 : 82 : 96 : 0 : 128 : 96 : 32 : 129 : 128 : 135 : 96 : 6 : 241 : 80 : 96 : 1 : 1 : 128 : 96 : 0 : 82 : 96 : 0 : 128 : 96 : 32 : 129 : 128 : 135 : 96 : 6 : 241 : 80 : 96 : 1 : 1 : 128 : 96 : 0 : 82 : 96 : 0 : 128 : 96 : 32 : 129 : 128 : 135 : 96 : 6 : 241 : 80 : 96 : 1 : 1 : 128 : 96 : 0 : 82 : 96 : 0 : 128 : 96 : 32 : 129 : 128 : 135 : 96 : 6 : 241 : 80 : 96 : 1 : 1 : 128 : 96 : 0 : 82 : 96 : 0 : 128 : 96 : 32 : 129 : 128 : 135 : 96 : 6 : 241 : 80 : 96 : 1 : 1 : 128 : 96 : 0 : 82 : 96 : 0 : 128 : 96 : 32 : 129 : 128 : 135 : 96 : 6 : 241 : 80 : 96 : 1 : 1 : 128 : 96 : 0 : 82 : 96 : 0 : 128 : 96 : 32 : 129 : 128 : 135 : 96 : 6 : 241 : 80 : 96 : 1 : 1 : 128 : 96 : 0 : 82 : 96 : 0 : 128 : 96 : 32 : 129 : 128 : 135 : 96 : 6 : 241 : 80 : 96 : 1 : 1 : 128 : 96 : 0 : 82 : 96 : 0 : 128 : 96 : 32 : 129 : 128 : 135 : 96 : 6 : 241 : 80 : 96 : 1 : 1 : 128 : 96 : 0 : 82 : 96 : 0 : 128 : 96 : 32 : 129 : 128 : 135 : 96 : 6 : 241 : 80 : 96 : 1 : 1 : 128 : 96 : 0 : 82 : 96 : 0 : 128 : 96 : 32 : 129 : 128 : 135 : 96 : 6 : 241 : 80 : 96 : 1 : 1 : 128 : 96 : 0 : 82 : 96 : 0 : 128 : 96 : 32 : 129 : 128 : 135 : 96 : 6 : 241 : 80 : 96 : 1 : 1 : 128 : 96 : 0 : 82 : 96 : 0 : 128 : 96 : 32 : 129 : 128 : 135 : 96 : 6 : 241 : 80 : 96 : 1 : 1 : 128 : 96 : 0 : 82 : 96 : 0 : 128 : 96 : 32 : 129 : 128 : 135 : 96 : 6 : 241 : 80 : 96 : 1 : 1 : 128 : 96 : 0 : 82 : 96 : 0 : 128 : 96 : 32 : 129 : 128 : 135 : 96 : 6 : 241 : 80 : 96 : 1 : 1 : 128 : 96 : 0 : 82 : 96 : 0 : 128 : 96 : 32 : 129 : 128 : 135 : 96 : 6 : 241 : 80 : 96 : 1 : 1 : 128 : 96 : 0 : 82 : 96 : 0 : 128 : 96 : 32 : 129 : 128 : 135 : 96 : 6 : 241 : 80 : 96 : 1 : 1 : 128 : 96 : 0 : 82 : 96 : 0 : 128 : 96 : 32 : 129 : 128 : 135 : 96 : 6 : 241 : 80 : 96 : 1 : 1 : 128 : 96 : 0 : 82 : 96 : 0 : 128 : 96 : 32 : 129 : 128 : 135 : 96 : 6 : 241 : 80 : 96 : 1 : 1 : 128 : 96 : 0 : 82 : 96 : 0 : 128 : 96 : 32 : 129 : 128 : 135 : 96 : 6 : 241 : 80 : 90 : 97 : 96 : 0 : 16 : 98 : 0 : 0 : 47 : 87 : 96 : 0 : 85 : .WordStack
          </code>
          <storage>
            .Map
          </storage>
          <origStorage>
            .Map
          </origStorage>
          <nonce>
            0
          </nonce>
        </account> <account>
          <acctID>
            966588469268559010541288244128342317224451555083
          </acctID>
          <balance>
            999999200000
          </balance>
          <code>
            .WordStack
          </code>
          <storage>
            .Map
          </storage>
          <origStorage>
            .Map
          </origStorage>
          <nonce>
            1
          </nonce>
        </account>
      </accounts>
      <txOrder>
        ListItem ( 0 )
      </txOrder>
      <txPending>
        .List
      </txPending>
      <messages>
        <message>
          <msgID>
            0
          </msgID>
          <txNonce>
            0
          </txNonce>
          <txGasPrice>
            1
          </txGasPrice>
          <txGasLimit>
            800000
          </txGasLimit>
          <to>
            605377403689755860392575400028894927315383256178
          </to>
          <value>
            0
          </value>
          <sigV>
            27
          </sigV>
          <sigR>
            172 : 160 : 209 : 69 : 174 : 93 : 39 : 237 : 66 : 127 : 240 : 228 : 99 : 184 : 164 : 97 : 129 : 212 : 120 : 108 : 67 : 125 : 110 : 251 : 153 : 55 : 166 : 153 : 6 : 148 : 175 : 122 : .WordStack
          </sigR>
          <sigS>
            15 : 155 : 214 : 142 : 206 : 143 : 56 : 239 : 40 : 54 : 21 : 60 : 208 : 187 : 133 : 236 : 146 : 248 : 56 : 97 : 119 : 246 : 230 : 141 : 84 : 55 : 171 : 123 : 125 : 13 : 99 : 97 : .WordStack
          </sigS>
          <data>
            .WordStack
          </data>
        </message>
      </messages>
    </network>
  </ethereum>
</kevm>
