{
  "jsonrpc": "2.0",
  "id": 0,
  "result": true
}
{
  "jsonrpc": "2.0",
  "id": 0,
  "result": true
}
{
  "jsonrpc": "2.0",
  "id": 0,
  "result": true
}
{
  "jsonrpc": "2.0",
  "id": 0,
  "result": true
}
{
  "jsonrpc": "2.0",
  "id": 0,
  "result": true
}
{
  "jsonrpc": "2.0",
  "id": 0,
  "result": true
}
{
  "jsonrpc": "2.0",
  "id": 0,
  "result": true
}
{
  "jsonrpc": "2.0",
  "id": 0,
  "result": true
}
{
  "jsonrpc": "2.0",
  "id": 0,
  "result": true
}
{
  "jsonrpc": "2.0",
  "id": 0,
  "result": true
}
{
  "jsonrpc": "2.0",
  "id": 0,
  "result": true
}
{
  "jsonrpc": "2.0",
  "id": 1,
  "result": "0x0"
}
{
  "jsonrpc": "2.0",
  "id": 2,
  "result": "0x0"
}
{
  "jsonrpc": "2.0",
  "id": 3,
  "result": "28346"
}
{
  "jsonrpc": "2.0",
  "id": 4,
  "result": "28346"
}
{
  "jsonrpc": "2.0",
  "id": 5,
  "result": [
    "0x0283be6ebefeb0f0c353b5a8b9a3a537fe71e784",
    "0x125f8609935744f0765d352ac98ed7593a1e1191",
    "0x2ea064f7db7f235f1d48471ec944e2730ae1b9ba",
    "0x75241ce1db0d833ba5c614f6bef9c2fe2dbabd32",
    "0xb952fc2d117c43c10fbfa446d31155dbafcdd4a7",
    "0xbcf92a7b7cd0d3a75798f7580d905d2a68f642e1",
    "0xc9abf2a1bbdda637b7d322e0b04db75f29bce803",
    "0xe13c277c8e85d306d7dd26bc72569d285d1ece5a",
    "0xeff7958203a7bb415340b296596ed22060a40256",
    "0xfaa190f69d263276285c81ae26ebe3816dc100c0"
  ]
}
{
  "jsonrpc": "2.0",
  "id": 6,
  "result": [
    "0x0283be6ebefeb0f0c353b5a8b9a3a537fe71e784",
    "0x125f8609935744f0765d352ac98ed7593a1e1191",
    "0x2ea064f7db7f235f1d48471ec944e2730ae1b9ba",
    "0x75241ce1db0d833ba5c614f6bef9c2fe2dbabd32",
    "0xb952fc2d117c43c10fbfa446d31155dbafcdd4a7",
    "0xbcf92a7b7cd0d3a75798f7580d905d2a68f642e1",
    "0xc9abf2a1bbdda637b7d322e0b04db75f29bce803",
    "0xe13c277c8e85d306d7dd26bc72569d285d1ece5a",
    "0xeff7958203a7bb415340b296596ed22060a40256",
    "0xfaa190f69d263276285c81ae26ebe3816dc100c0"
  ]
}
{
  "jsonrpc": "2.0",
  "id": 7,
  "result": [
    "0x0283be6ebefeb0f0c353b5a8b9a3a537fe71e784",
    "0x125f8609935744f0765d352ac98ed7593a1e1191",
    "0x2ea064f7db7f235f1d48471ec944e2730ae1b9ba",
    "0x75241ce1db0d833ba5c614f6bef9c2fe2dbabd32",
    "0xb952fc2d117c43c10fbfa446d31155dbafcdd4a7",
    "0xbcf92a7b7cd0d3a75798f7580d905d2a68f642e1",
    "0xc9abf2a1bbdda637b7d322e0b04db75f29bce803",
    "0xe13c277c8e85d306d7dd26bc72569d285d1ece5a",
    "0xeff7958203a7bb415340b296596ed22060a40256",
    "0xfaa190f69d263276285c81ae26ebe3816dc100c0"
  ]
}
{
  "jsonrpc": "2.0",
  "id": 1574063624041,
  "result": "0x1"
}
{
  "jsonrpc": "2.0",
  "id": 8,
  "result": "0x0"
}
{
  "jsonrpc": "2.0",
  "id": 9,
  "result": "28346"
}
{
  "jsonrpc": "2.0",
  "id": 1,
  "result": "Firefly RPC/v0.0.1/kevm"
}
{
  "jsonrpc": "2.0",
  "id": 10,
  "result": {
    "number": "0x0",
    "hash": "0xc069a51a464337f57f6c962d41bb5c6319ec570738fd5d2553b72614d07429ea",
    "parentHash": "0x0000000000000000000000000000000000000000000000000000000000000000",
    "mixHash": "0x0000000000000000000000000000000000000000000000000000000000000000",
    "nonce": "0x0000000000000000",
    "sha3Uncles": "0x1dcc4de8dec75d7aab85b567b6ccd41ad312451b948a7413f0a142fd40d49347",
    "logsBloom": "0x00000000000000000000000000000000000000000000000000000000000000000000000000000000000000000000000000000000000000000000000000000000000000000000000000000000000000000000000000000000000000000000000000000000000000000000000000000000000000000000000000000000000000000000000000000000000000000000000000000000000000000000000000000000000000000000000000000000000000000000000000000000000000000000000000000000000000000000000000000000000000000000000000000000000000000000000000000000000000000000000000000000000000000000000000000000",
    "transactionsRoot": "0x56e81f171bcc55a6ff8345e692c0f86e5b48e01b996cadc001622fb5e363b421",
    "stateRoot": "0x29868f425fa564ce867b12b00b0e5fd8cb315b242ad46158b2600064db63699d",
    "receiptsRoot": "0x56e81f171bcc55a6ff8345e692c0f86e5b48e01b996cadc001622fb5e363b421",
    "miner": "0x0000000000000000000000000000000000000000",
    "difficulty": "0x0",
    "totalDifficulty": "0x0",
    "extraData": "0x",
    "size": "0x3e8",
    "gasLimit": "0x6691b7",
    "gasUsed": "0x0",
    "timestamp": "0x5dd24da2",
    "transactions": [],
    "uncles": []
  }
}
{
  "jsonrpc": "2.0",
  "id": 11,
  "result": "0x9d1432e5c5e6f682920c8b6be69a18f2a9a99eda35deaa9976982790856532d2",
  "error": {
    "message": "VM Exception while processing transaction: revert ERC20Capped: cap is 0",
    "code": -32000,
    "data": {
      "0x9d1432e5c5e6f682920c8b6be69a18f2a9a99eda35deaa9976982790856532d2": {
        "error": "revert",
        "program_counter": 223,
        "return": "0x08c379a00000000000000000000000000000000000000000000000000000000000000020000000000000000000000000000000000000000000000000000000000000001545524332304361707065643a2063617020697320300000000000000000000000",
        "reason": "ERC20Capped: cap is 0"
      },
      "stack": "o: VM Exception while processing transaction: revert ERC20Capped: cap is 0\n    at Function.o.fromResults (/home/anvacaru/.npm/_npx/26361/lib/node_modules/ganache-cli/build/ganache-core.node.cli.js:10:89727)\n    at /home/anvacaru/.npm/_npx/26361/lib/node_modules/ganache-cli/build/ganache-core.node.cli.js:25:121953\n    at /home/anvacaru/.npm/_npx/26361/lib/node_modules/ganache-cli/build/ganache-core.node.cli.js:25:98498\n    at p (/home/anvacaru/.npm/_npx/26361/lib/node_modules/ganache-cli/build/ganache-core.node.cli.js:25:98156)\n    at /home/anvacaru/.npm/_npx/26361/lib/node_modules/ganache-cli/build/ganache-core.node.cli.js:25:98209\n    at t.default (/home/anvacaru/.npm/_npx/26361/lib/node_modules/ganache-cli/build/ganache-core.node.cli.js:37:544097)\n    at /home/anvacaru/.npm/_npx/26361/lib/node_modules/ganache-cli/build/ganache-core.node.cli.js:25:99122\n    at t.n.emit (/home/anvacaru/.npm/_npx/26361/lib/node_modules/ganache-cli/build/ganache-core.node.cli.js:61:16355)\n    at /home/anvacaru/.npm/_npx/26361/lib/node_modules/ganache-cli/build/ganache-core.node.cli.js:61:654328\n    at /home/anvacaru/.npm/_npx/26361/lib/node_modules/ganache-cli/build/ganache-core.node.cli.js:61:654351\n    at /home/anvacaru/.npm/_npx/26361/lib/node_modules/ganache-cli/build/ganache-core.node.cli.js:37:1093446\n    at /home/anvacaru/.npm/_npx/26361/lib/node_modules/ganache-cli/build/ganache-core.node.cli.js:2:19209\n    at i (/home/anvacaru/.npm/_npx/26361/lib/node_modules/ganache-cli/build/ganache-core.node.cli.js:2:34308)\n    at /home/anvacaru/.npm/_npx/26361/lib/node_modules/ganache-cli/build/ganache-core.node.cli.js:2:14717\n    at processTicksAndRejections (internal/process/task_queues.js:75:11)",
      "name": "o"
    }
  }
}
