{
  "jsonrpc": "2.0",
  "id": 0,
  "result": true
}
{
  "jsonrpc": "2.0",
  "id": 0,
  "result": true
}
{
  "jsonrpc": "2.0",
  "id": 0,
  "result": true
}
{
  "jsonrpc": "2.0",
  "id": 0,
  "result": true
}
{
  "jsonrpc": "2.0",
  "id": 0,
  "result": true
}
{
  "jsonrpc": "2.0",
  "id": 0,
  "result": true
}
{
  "jsonrpc": "2.0",
  "id": 0,
  "result": true
}
{
  "jsonrpc": "2.0",
  "id": 0,
  "result": true
}
{
  "jsonrpc": "2.0",
  "id": 0,
  "result": true
}
{
  "jsonrpc": "2.0",
  "id": 0,
  "result": true
}
{
  "jsonrpc": "2.0",
  "id": 0,
  "result": true
}
{
  "jsonrpc": "2.0",
  "id": 0,
  "result": true
}
{
  "jsonrpc": "2.0",
  "id": 0,
  "result": true
}
{
  "jsonrpc": "2.0",
  "id": 1,
  "result": "0x0"
}
{
  "jsonrpc": "2.0",
  "id": 2,
  "result": "0x0"
}
{
  "jsonrpc": "2.0",
  "id": 3,
  "result": "28346"
}
{
  "jsonrpc": "2.0",
  "id": 4,
  "result": "28346"
}
{
  "jsonrpc": "2.0",
  "id": 5,
  "result": [
    "0x1d0b8c2f98341dfbc7b76e1307f848a5082c2d1b",
    "0x3077f07d973baaa7d2a3632cd68fd4bbac00d6b4",
    "0x3caa454c99d467254556c1249a1344ba49357677",
    "0x52752f76c341ec7382545c8f8070490784b40bd0",
    "0x56bf11a7bb6fa0e5ae5cf8a4fe2db528a75acfc2",
    "0x58cca24d71c2b9eed308a47aa4e57783f634d93e",
    "0x743c5120b764f78387273f48c5383e6aa6ed7142",
    "0x9b9e1d0623c47283f93c934d07de753afb860ce5",
    "0xbdde9731bbd85c124a7326e9e8e755431bcbd126",
    "0xe49aabc63cfe9318a8b8242db486cf4771f7bf44"
  ]
}
{
  "jsonrpc": "2.0",
  "id": 6,
  "result": [
    "0x1d0b8c2f98341dfbc7b76e1307f848a5082c2d1b",
    "0x3077f07d973baaa7d2a3632cd68fd4bbac00d6b4",
    "0x3caa454c99d467254556c1249a1344ba49357677",
    "0x52752f76c341ec7382545c8f8070490784b40bd0",
    "0x56bf11a7bb6fa0e5ae5cf8a4fe2db528a75acfc2",
    "0x58cca24d71c2b9eed308a47aa4e57783f634d93e",
    "0x743c5120b764f78387273f48c5383e6aa6ed7142",
    "0x9b9e1d0623c47283f93c934d07de753afb860ce5",
    "0xbdde9731bbd85c124a7326e9e8e755431bcbd126",
    "0xe49aabc63cfe9318a8b8242db486cf4771f7bf44"
  ]
}
{
  "jsonrpc": "2.0",
  "id": 7,
  "result": [
    "0x1d0b8c2f98341dfbc7b76e1307f848a5082c2d1b",
    "0x3077f07d973baaa7d2a3632cd68fd4bbac00d6b4",
    "0x3caa454c99d467254556c1249a1344ba49357677",
    "0x52752f76c341ec7382545c8f8070490784b40bd0",
    "0x56bf11a7bb6fa0e5ae5cf8a4fe2db528a75acfc2",
    "0x58cca24d71c2b9eed308a47aa4e57783f634d93e",
    "0x743c5120b764f78387273f48c5383e6aa6ed7142",
    "0x9b9e1d0623c47283f93c934d07de753afb860ce5",
    "0xbdde9731bbd85c124a7326e9e8e755431bcbd126",
    "0xe49aabc63cfe9318a8b8242db486cf4771f7bf44"
  ]
}
{
  "jsonrpc": "2.0",
  "id": 1574066888395,
  "result": "0x1"
}
{
  "jsonrpc": "2.0",
  "id": 8,
  "result": "0x0"
}
{
  "jsonrpc": "2.0",
  "id": 9,
  "result": "28346"
}
{
  "jsonrpc": "2.0",
  "id": 10,
  "result": {
    "number": "0x0",
    "hash": "0x5f6e6a5afc5edf14ce5e81de6daac452ec322e76d1e0b87e27f45b06bc852ee3",
    "parentHash": "0x0000000000000000000000000000000000000000000000000000000000000000",
    "mixHash": "0x0000000000000000000000000000000000000000000000000000000000000000",
    "nonce": "0x0000000000000000",
    "sha3Uncles": "0x1dcc4de8dec75d7aab85b567b6ccd41ad312451b948a7413f0a142fd40d49347",
    "logsBloom": "0x00000000000000000000000000000000000000000000000000000000000000000000000000000000000000000000000000000000000000000000000000000000000000000000000000000000000000000000000000000000000000000000000000000000000000000000000000000000000000000000000000000000000000000000000000000000000000000000000000000000000000000000000000000000000000000000000000000000000000000000000000000000000000000000000000000000000000000000000000000000000000000000000000000000000000000000000000000000000000000000000000000000000000000000000000000000",
    "transactionsRoot": "0x56e81f171bcc55a6ff8345e692c0f86e5b48e01b996cadc001622fb5e363b421",
    "stateRoot": "0xf85216803a5d4e7a83db6020bd77c6086537434e970dd0d2f290d555b7391864",
    "receiptsRoot": "0x56e81f171bcc55a6ff8345e692c0f86e5b48e01b996cadc001622fb5e363b421",
    "miner": "0x0000000000000000000000000000000000000000",
    "difficulty": "0x0",
    "totalDifficulty": "0x0",
    "extraData": "0x",
    "size": "0x3e8",
    "gasLimit": "0x6691b7",
    "gasUsed": "0x0",
    "timestamp": "0x5dd2554f",
    "transactions": [],
    "uncles": []
  }
}
{
  "jsonrpc": "2.0",
  "id": 0,
  "result": "1574066889"
}
{
  "jsonrpc": "2.0",
  "id": 11,
  "result": "0x012bde93e5110156ed6633660fc770c37a2f97def8893f2f0e4fa916a91db64c"
}
{
  "jsonrpc": "2.0",
  "id": 12,
  "result": {
    "transactionHash": "0x012bde93e5110156ed6633660fc770c37a2f97def8893f2f0e4fa916a91db64c",
    "transactionIndex": "0x0",
    "blockHash": "0xd3cb4b716eee5b3a6eefbfa6d881067312f8be3f9d25f41ede62814f7583107b",
    "blockNumber": "0x1",
    "from": "0x3077f07d973baaa7d2a3632cd68fd4bbac00d6b4",
    "to": null,
    "gasUsed": "0x184145",
    "cumulativeGasUsed": "0x184145",
    "contractAddress": "0xb2e3a0fe3b050dfd09cf1950eea2f44306c5773f",
    "logs": [
      {
        "logIndex": "0x0",
        "transactionIndex": "0x0",
        "transactionHash": "0x012bde93e5110156ed6633660fc770c37a2f97def8893f2f0e4fa916a91db64c",
        "blockHash": "0xd3cb4b716eee5b3a6eefbfa6d881067312f8be3f9d25f41ede62814f7583107b",
        "blockNumber": "0x1",
        "address": "0xb2e3a0fe3b050dfd09cf1950eea2f44306c5773f",
        "data": "0x",
        "topics": [
          "0x6ae172837ea30b801fbfcdd4108aa1d5bf8ff775444fd70256b44e6bf3dfc3f6",
          "0x0000000000000000000000003077f07d973baaa7d2a3632cd68fd4bbac00d6b4"
        ],
        "type": "mined"
      }
    ],
    "status": "0x1",
    "logsBloom": "0x00800000000000000000000000000000000000000000000000000004000000000000000000000000000000000000000000000000000000000000400000000000000000000000000000000000000000000000000000040000000000000000000000000000000000000000000001000000000000008000000400000000000000000000000000000000000000000000000000000000000000000000000000000000000000000000000000000000000000000000000000000000000000000000000000000000200000000000000000000000000000000000000000000000000000000000000000000000800000000000000000000000000000000000000000000000",
    "v": "0x1b",
    "r": "0xd1480df8ca0fe2816482113e958c7fa1ab95fbf435690a7fec0166de9727bd7d",
    "s": "0x1125d89bfd86839050402ef763e533d42d5a381d1fc0f967bf5cf8fff044e7c6"
  }
}
{
  "jsonrpc": "2.0",
  "id": 13,
  "result": "0x608060405234801561001057600080fd5b50600436106100b45760003560e01c8063983b2d5611610071578063983b2d56146102e7578063986502751461032b578063a457c2d714610335578063a9059cbb1461039b578063aa271e1a14610401578063dd62ed3e1461045d576100b4565b8063095ea7b3146100b957806318160ddd1461011f57806323b872dd1461013d57806339509351146101c357806340c10f191461022957806370a082311461028f575b600080fd5b610105600480360360408110156100cf57600080fd5b81019080803573ffffffffffffffffffffffffffffffffffffffff169060200190929190803590602001909291905050506104d5565b604051808215151515815260200191505060405180910390f35b6101276104f3565b6040518082815260200191505060405180910390f35b6101a96004803603606081101561015357600080fd5b81019080803573ffffffffffffffffffffffffffffffffffffffff169060200190929190803573ffffffffffffffffffffffffffffffffffffffff169060200190929190803590602001909291905050506104fd565b604051808215151515815260200191505060405180910390f35b61020f600480360360408110156101d957600080fd5b81019080803573ffffffffffffffffffffffffffffffffffffffff169060200190929190803590602001909291905050506105d6565b604051808215151515815260200191505060405180910390f35b6102756004803603604081101561023f57600080fd5b81019080803573ffffffffffffffffffffffffffffffffffffffff16906020019092919080359060200190929190505050610689565b604051808215151515815260200191505060405180910390f35b6102d1600480360360208110156102a557600080fd5b81019080803573ffffffffffffffffffffffffffffffffffffffff169060200190929190505050610704565b6040518082815260200191505060405180910390f35b610329600480360360208110156102fd57600080fd5b81019080803573ffffffffffffffffffffffffffffffffffffffff16906020019092919050505061074c565b005b6103336107bd565b005b6103816004803603604081101561034b57600080fd5b81019080803573ffffffffffffffffffffffffffffffffffffffff169060200190929190803590602001909291905050506107cf565b604051808215151515815260200191505060405180910390f35b6103e7600480360360408110156103b157600080fd5b81019080803573ffffffffffffffffffffffffffffffffffffffff1690602001909291908035906020019092919050505061089c565b604051808215151515815260200191505060405180910390f35b6104436004803603602081101561041757600080fd5b81019080803573ffffffffffffffffffffffffffffffffffffffff1690602001909291905050506108ba565b604051808215151515815260200191505060405180910390f35b6104bf6004803603604081101561047357600080fd5b81019080803573ffffffffffffffffffffffffffffffffffffffff169060200190929190803573ffffffffffffffffffffffffffffffffffffffff1690602001909291905050506108d7565b6040518082815260200191505060405180910390f35b60006104e96104e261095e565b8484610966565b6001905092915050565b6000600254905090565b600061050a848484610b5d565b6105cb8461051661095e565b6105c6856040518060600160405280602881526020016114fd60289139600160008b73ffffffffffffffffffffffffffffffffffffffff1673ffffffffffffffffffffffffffffffffffffffff168152602001908152602001600020600061057c61095e565b73ffffffffffffffffffffffffffffffffffffffff1673ffffffffffffffffffffffffffffffffffffffff16815260200190815260200160002054610e139092919063ffffffff16565b610966565b600190509392505050565b600061067f6105e361095e565b8461067a85600160006105f461095e565b73ffffffffffffffffffffffffffffffffffffffff1673ffffffffffffffffffffffffffffffffffffffff16815260200190815260200160002060008973ffffffffffffffffffffffffffffffffffffffff1673ffffffffffffffffffffffffffffffffffffffff16815260200190815260200160002054610ed390919063ffffffff16565b610966565b6001905092915050565b600061069b61069661095e565b6108ba565b6106f0576040517f08c379a00000000000000000000000000000000000000000000000000000000081526004018080602001828103825260308152602001806114ac6030913960400191505060405180910390fd5b6106fa8383610f5b565b6001905092915050565b60008060008373ffffffffffffffffffffffffffffffffffffffff1673ffffffffffffffffffffffffffffffffffffffff168152602001908152602001600020549050919050565b61075c61075761095e565b6108ba565b6107b1576040517f08c379a00000000000000000000000000000000000000000000000000000000081526004018080602001828103825260308152602001806114ac6030913960400191505060405180910390fd5b6107ba81611116565b50565b6107cd6107c861095e565b611170565b565b60006108926107dc61095e565b8461088d85604051806060016040528060258152602001611590602591396001600061080661095e565b73ffffffffffffffffffffffffffffffffffffffff1673ffffffffffffffffffffffffffffffffffffffff16815260200190815260200160002060008a73ffffffffffffffffffffffffffffffffffffffff1673ffffffffffffffffffffffffffffffffffffffff16815260200190815260200160002054610e139092919063ffffffff16565b610966565b6001905092915050565b60006108b06108a961095e565b8484610b5d565b6001905092915050565b60006108d08260036111ca90919063ffffffff16565b9050919050565b6000600160008473ffffffffffffffffffffffffffffffffffffffff1673ffffffffffffffffffffffffffffffffffffffff16815260200190815260200160002060008373ffffffffffffffffffffffffffffffffffffffff1673ffffffffffffffffffffffffffffffffffffffff16815260200190815260200160002054905092915050565b600033905090565b600073ffffffffffffffffffffffffffffffffffffffff168373ffffffffffffffffffffffffffffffffffffffff1614156109ec576040517f08c379a000000000000000000000000000000000000000000000000000000000815260040180806020018281038252602481526020018061156c6024913960400191505060405180910390fd5b600073ffffffffffffffffffffffffffffffffffffffff168273ffffffffffffffffffffffffffffffffffffffff161415610a72576040517f08c379a00000000000000000000000000000000000000000000000000000000081526004018080602001828103825260228152602001806114646022913960400191505060405180910390fd5b80600160008573ffffffffffffffffffffffffffffffffffffffff1673ffffffffffffffffffffffffffffffffffffffff16815260200190815260200160002060008473ffffffffffffffffffffffffffffffffffffffff1673ffffffffffffffffffffffffffffffffffffffff168152602001908152602001600020819055508173ffffffffffffffffffffffffffffffffffffffff168373ffffffffffffffffffffffffffffffffffffffff167f8c5be1e5ebec7d5bd14f71427d1e84f3dd0314c0f7b2291e5b200ac8c7c3b925836040518082815260200191505060405180910390a3505050565b600073ffffffffffffffffffffffffffffffffffffffff168373ffffffffffffffffffffffffffffffffffffffff161415610be3576040517f08c379a00000000000000000000000000000000000000000000000000000000081526004018080602001828103825260258152602001806115476025913960400191505060405180910390fd5b600073ffffffffffffffffffffffffffffffffffffffff168273ffffffffffffffffffffffffffffffffffffffff161415610c69576040517f08c379a00000000000000000000000000000000000000000000000000000000081526004018080602001828103825260238152602001806114416023913960400191505060405180910390fd5b610cd481604051806060016040528060268152602001611486602691396000808773ffffffffffffffffffffffffffffffffffffffff1673ffffffffffffffffffffffffffffffffffffffff16815260200190815260200160002054610e139092919063ffffffff16565b6000808573ffffffffffffffffffffffffffffffffffffffff1673ffffffffffffffffffffffffffffffffffffffff16815260200190815260200160002081905550610d67816000808573ffffffffffffffffffffffffffffffffffffffff1673ffffffffffffffffffffffffffffffffffffffff16815260200190815260200160002054610ed390919063ffffffff16565b6000808473ffffffffffffffffffffffffffffffffffffffff1673ffffffffffffffffffffffffffffffffffffffff168152602001908152602001600020819055508173ffffffffffffffffffffffffffffffffffffffff168373ffffffffffffffffffffffffffffffffffffffff167fddf252ad1be2c89b69c2b068fc378daa952ba7f163c4a11628f55a4df523b3ef836040518082815260200191505060405180910390a3505050565b6000838311158290610ec0576040517f08c379a00000000000000000000000000000000000000000000000000000000081526004018080602001828103825283818151815260200191508051906020019080838360005b83811015610e85578082015181840152602081019050610e6a565b50505050905090810190601f168015610eb25780820380516001836020036101000a031916815260200191505b509250505060405180910390fd5b5060008385039050809150509392505050565b600080828401905083811015610f51576040517f08c379a000000000000000000000000000000000000000000000000000000000815260040180806020018281038252601b8152602001807f536166654d6174683a206164646974696f6e206f766572666c6f77000000000081525060200191505060405180910390fd5b8091505092915050565b600073ffffffffffffffffffffffffffffffffffffffff168273ffffffffffffffffffffffffffffffffffffffff161415610ffe576040517f08c379a000000000000000000000000000000000000000000000000000000000815260040180806020018281038252601f8152602001807f45524332303a206d696e7420746f20746865207a65726f20616464726573730081525060200191505060405180910390fd5b61101381600254610ed390919063ffffffff16565b60028190555061106a816000808573ffffffffffffffffffffffffffffffffffffffff1673ffffffffffffffffffffffffffffffffffffffff16815260200190815260200160002054610ed390919063ffffffff16565b6000808473ffffffffffffffffffffffffffffffffffffffff1673ffffffffffffffffffffffffffffffffffffffff168152602001908152602001600020819055508173ffffffffffffffffffffffffffffffffffffffff16600073ffffffffffffffffffffffffffffffffffffffff167fddf252ad1be2c89b69c2b068fc378daa952ba7f163c4a11628f55a4df523b3ef836040518082815260200191505060405180910390a35050565b61112a8160036112a890919063ffffffff16565b8073ffffffffffffffffffffffffffffffffffffffff167f6ae172837ea30b801fbfcdd4108aa1d5bf8ff775444fd70256b44e6bf3dfc3f660405160405180910390a250565b61118481600361138390919063ffffffff16565b8073ffffffffffffffffffffffffffffffffffffffff167fe94479a9f7e1952cc78f2d6baab678adc1b772d936c6583def489e524cb6669260405160405180910390a250565b60008073ffffffffffffffffffffffffffffffffffffffff168273ffffffffffffffffffffffffffffffffffffffff161415611251576040517f08c379a00000000000000000000000000000000000000000000000000000000081526004018080602001828103825260228152602001806115256022913960400191505060405180910390fd5b8260000160008373ffffffffffffffffffffffffffffffffffffffff1673ffffffffffffffffffffffffffffffffffffffff16815260200190815260200160002060009054906101000a900460ff16905092915050565b6112b282826111ca565b15611325576040517f08c379a000000000000000000000000000000000000000000000000000000000815260040180806020018281038252601f8152602001807f526f6c65733a206163636f756e7420616c72656164792068617320726f6c650081525060200191505060405180910390fd5b60018260000160008373ffffffffffffffffffffffffffffffffffffffff1673ffffffffffffffffffffffffffffffffffffffff16815260200190815260200160002060006101000a81548160ff0219169083151502179055505050565b61138d82826111ca565b6113e2576040517f08c379a00000000000000000000000000000000000000000000000000000000081526004018080602001828103825260218152602001806114dc6021913960400191505060405180910390fd5b60008260000160008373ffffffffffffffffffffffffffffffffffffffff1673ffffffffffffffffffffffffffffffffffffffff16815260200190815260200160002060006101000a81548160ff021916908315150217905550505056fe45524332303a207472616e7366657220746f20746865207a65726f206164647265737345524332303a20617070726f766520746f20746865207a65726f206164647265737345524332303a207472616e7366657220616d6f756e7420657863656564732062616c616e63654d696e746572526f6c653a2063616c6c657220646f6573206e6f74206861766520746865204d696e74657220726f6c65526f6c65733a206163636f756e7420646f6573206e6f74206861766520726f6c6545524332303a207472616e7366657220616d6f756e74206578636565647320616c6c6f77616e6365526f6c65733a206163636f756e7420697320746865207a65726f206164647265737345524332303a207472616e736665722066726f6d20746865207a65726f206164647265737345524332303a20617070726f76652066726f6d20746865207a65726f206164647265737345524332303a2064656372656173656420616c6c6f77616e63652062656c6f77207a65726fa265627a7a723158204fa7202705b04cf2d34788ffdbee0f3e8888b8dc211d243a0b40381f94fda84764736f6c634300050b0032"
}
{
  "jsonrpc": "2.0",
  "id": 1,
  "result": {
    "number": "0x1",
    "hash": "0xd3cb4b716eee5b3a6eefbfa6d881067312f8be3f9d25f41ede62814f7583107b",
    "parentHash": "0x5f6e6a5afc5edf14ce5e81de6daac452ec322e76d1e0b87e27f45b06bc852ee3",
    "mixHash": "0x0000000000000000000000000000000000000000000000000000000000000000",
    "nonce": "0x0000000000000000",
    "sha3Uncles": "0x1dcc4de8dec75d7aab85b567b6ccd41ad312451b948a7413f0a142fd40d49347",
    "logsBloom": "0x00800000000000000000000000000000000000000000000000000004000000000000000000000000000000000000000000000000000000000000400000000000000000000000000000000000000000000000000000040000000000000000000000000000000000000000000001000000000000008000000400000000000000000000000000000000000000000000000000000000000000000000000000000000000000000000000000000000000000000000000000000000000000000000000000000000200000000000000000000000000000000000000000000000000000000000000000000000800000000000000000000000000000000000000000000000",
    "transactionsRoot": "0xcb5497586d25d328111cd0327ade1f6eb6c7d56875263e7c29869e7735f01f87",
    "stateRoot": "0x2431ed77bb2af349c91b9eb3cb3e18876e6f588391645e07ee6fdf3f2fa4158a",
    "receiptsRoot": "0xf8d363a52a4cf6452e69a12bdbce5a0f6e711a00baf755b16135f16264fee92d",
    "miner": "0x0000000000000000000000000000000000000000",
    "difficulty": "0x0",
    "totalDifficulty": "0x0",
    "extraData": "0x",
    "size": "0x3e8",
    "gasLimit": "0x6691b7",
    "gasUsed": "0x184145",
    "timestamp": "0x5dd25ac9",
    "transactions": [
      "0x012bde93e5110156ed6633660fc770c37a2f97def8893f2f0e4fa916a91db64c"
    ],
    "uncles": []
  }
}
{
  "jsonrpc": "2.0",
  "id": 14,
  "result": "28346"
}
{
  "jsonrpc": "2.0",
  "id": 2,
  "result": "Firefly RPC/v0.0.1/kevm"
}
{
  "jsonrpc": "2.0",
  "id": 15,
  "result": {
    "number": "0x1",
    "hash": "0xd3cb4b716eee5b3a6eefbfa6d881067312f8be3f9d25f41ede62814f7583107b",
    "parentHash": "0x5f6e6a5afc5edf14ce5e81de6daac452ec322e76d1e0b87e27f45b06bc852ee3",
    "mixHash": "0x0000000000000000000000000000000000000000000000000000000000000000",
    "nonce": "0x0000000000000000",
    "sha3Uncles": "0x1dcc4de8dec75d7aab85b567b6ccd41ad312451b948a7413f0a142fd40d49347",
    "logsBloom": "0x00800000000000000000000000000000000000000000000000000004000000000000000000000000000000000000000000000000000000000000400000000000000000000000000000000000000000000000000000040000000000000000000000000000000000000000000001000000000000008000000400000000000000000000000000000000000000000000000000000000000000000000000000000000000000000000000000000000000000000000000000000000000000000000000000000000200000000000000000000000000000000000000000000000000000000000000000000000800000000000000000000000000000000000000000000000",
    "transactionsRoot": "0xcb5497586d25d328111cd0327ade1f6eb6c7d56875263e7c29869e7735f01f87",
    "stateRoot": "0x2431ed77bb2af349c91b9eb3cb3e18876e6f588391645e07ee6fdf3f2fa4158a",
    "receiptsRoot": "0xf8d363a52a4cf6452e69a12bdbce5a0f6e711a00baf755b16135f16264fee92d",
    "miner": "0x0000000000000000000000000000000000000000",
    "difficulty": "0x0",
    "totalDifficulty": "0x0",
    "extraData": "0x",
    "size": "0x3e8",
    "gasLimit": "0x6691b7",
    "gasUsed": "0x184145",
    "timestamp": "0x5dd25ac9",
    "transactions": [
      "0x012bde93e5110156ed6633660fc770c37a2f97def8893f2f0e4fa916a91db64c"
    ],
    "uncles": []
  }
}
{
  "jsonrpc": "2.0",
  "id": 16,
  "result": "0xa38c6b1f00c5f8044560efda83a32e3a621303a47fc8a9cc099446752f81dcb1",
  "error": {
    "message": "VM Exception while processing transaction: revert TokenTimelock: release time is before current time",
    "code": -32000,
    "data": {
      "0xa38c6b1f00c5f8044560efda83a32e3a621303a47fc8a9cc099446752f81dcb1": {
        "error": "revert",
        "program_counter": 176,
        "return": "0x08c379a000000000000000000000000000000000000000000000000000000000000000200000000000000000000000000000000000000000000000000000000000000032546f6b656e54696d656c6f636b3a2072656c656173652074696d65206973206265666f72652063757272656e742074696d650000000000000000000000000000",
        "reason": "TokenTimelock: release time is before current time"
      },
      "stack": "o: VM Exception while processing transaction: revert TokenTimelock: release time is before current time\n    at Function.o.fromResults (/home/anvacaru/.npm/_npx/27697/lib/node_modules/ganache-cli/build/ganache-core.node.cli.js:10:89727)\n    at /home/anvacaru/.npm/_npx/27697/lib/node_modules/ganache-cli/build/ganache-core.node.cli.js:25:121953\n    at /home/anvacaru/.npm/_npx/27697/lib/node_modules/ganache-cli/build/ganache-core.node.cli.js:25:98498\n    at p (/home/anvacaru/.npm/_npx/27697/lib/node_modules/ganache-cli/build/ganache-core.node.cli.js:25:98156)\n    at /home/anvacaru/.npm/_npx/27697/lib/node_modules/ganache-cli/build/ganache-core.node.cli.js:25:98209\n    at t.default (/home/anvacaru/.npm/_npx/27697/lib/node_modules/ganache-cli/build/ganache-core.node.cli.js:37:544097)\n    at /home/anvacaru/.npm/_npx/27697/lib/node_modules/ganache-cli/build/ganache-core.node.cli.js:25:99122\n    at t.n.emit (/home/anvacaru/.npm/_npx/27697/lib/node_modules/ganache-cli/build/ganache-core.node.cli.js:61:16355)\n    at /home/anvacaru/.npm/_npx/27697/lib/node_modules/ganache-cli/build/ganache-core.node.cli.js:61:654328\n    at /home/anvacaru/.npm/_npx/27697/lib/node_modules/ganache-cli/build/ganache-core.node.cli.js:61:654351\n    at /home/anvacaru/.npm/_npx/27697/lib/node_modules/ganache-cli/build/ganache-core.node.cli.js:37:1093446\n    at /home/anvacaru/.npm/_npx/27697/lib/node_modules/ganache-cli/build/ganache-core.node.cli.js:2:19209\n    at i (/home/anvacaru/.npm/_npx/27697/lib/node_modules/ganache-cli/build/ganache-core.node.cli.js:2:34308)\n    at /home/anvacaru/.npm/_npx/27697/lib/node_modules/ganache-cli/build/ganache-core.node.cli.js:2:14717\n    at processTicksAndRejections (internal/process/task_queues.js:75:11)",
      "name": "o"
    }
  }
}
